Microchip MPLAB XC8 Compiler V2.40

Linker command line:

-W-3 \
  --edf=C:\Program Files\Microchip\xc8\v2.40\pic\dat\20220703182018_en.msgs \
  -cn -h+dist/default/production\MPLABXProjects.production.sym \
  --cmf=dist/default/production\MPLABXProjects.production.cmf -z -Q18F4620 \
  -oC:\Users\lenovo\AppData\Local\Temp\xcAsl6s.4 --defsym=__MPLAB_BUILD=1 \
  --fixupoverflow=error \
  -Mdist/default/production/MPLABXProjects.production.map \
  --md=C:\Users\lenovo\AppData\Local\Temp\xcAsl6s.dat -E1 -ver=XC8 Compiler \
  --acfsm=1493 -ACODE=00h-0FFFFh -ACONST=00h-0FFFFh \
  -ASMALLCONST=01000h-010FFhx240 -AMEDIUMCONST=01000h-0FFFFh \
  -ACOMRAM=01h-07Fh -AABS1=00h-0F7Fh -ABIGRAM=01h-0F7Fh \
  -ARAM=080h-0FFh,0100h-01FFhx14,0F00h-0F7Fh -ABANK0=080h-0FFh \
  -ABANK1=0100h-01FFh -ABANK2=0200h-02FFh -ABANK3=0300h-03FFh \
  -ABANK4=0400h-04FFh -ABANK5=0500h-05FFh -ABANK6=0600h-06FFh \
  -ABANK7=0700h-07FFh -ABANK8=0800h-08FFh -ABANK9=0900h-09FFh \
  -ABANK10=0A00h-0AFFh -ABANK11=0B00h-0BFFh -ABANK12=0C00h-0CFFh \
  -ABANK13=0D00h-0DFFh -ABANK14=0E00h-0EFFh -ABANK15=0F00h-0F7Fh \
  -ASFR=0F80h-0FFFh -ABIGSFR=0F80h-0FFFh -ACONFIG=0300000h-030000Dh \
  -AIDLOC=0200000h-0200007h -AEEDATA=0F00000h-0F003FFh -peeprom_data=EEDATA \
  -preset_vec=00h,intcode=08h,intcodelo,powerup,init -pramtop=01000h \
  -psmallconst=SMALLCONST -pmediumconst=MEDIUMCONST -pconst=CONST \
  -AFARRAM=00h-00h \
  -prdata=COMRAM,nvrram=COMRAM,nvbit=COMRAM,rbss=COMRAM,rbit=COMRAM \
  -pfarbss=FARRAM,fardata=FARRAM,nvFARRAM=FARRAM \
  -pintsave_regs=BIGRAM,bigbss=BIGRAM,bigdata=BIGRAM -pbss=RAM \
  -pidata=CODE,irdata=CODE,ibigdata=CODE,ifardata=CODE -prparam=COMRAM \
  C:\Users\lenovo\AppData\Local\Temp\xcAsl6s.o \
  dist/default/production\MPLABXProjects.production.o 

Object code version is 3.11

Machine type is 18F4620



                Name                               Link     Load   Length Selector   Space Scale
C:\Users\lenovo\AppData\Local\Temp\xcAsl6s.o
                idloc                            200000   200000        8        0       5
                config                           300000   300000        E        0       4
                init                                  E        E        4        4       0
                reset_vec                             0        0        4        0       0
dist/default/production\MPLABXProjects.production.o
                intcode                               8        8        6        4       0
                idloc                            200000   200000        8        0       5
                config                           300000   300000        E        0       4
                temp                                 7C       7C        1        1       1
                smallconst                         1000     1000       16      800       0
                text30                             2DBC     2DBC        4      80B       0
                text29                             2D6C     2D6C       10      80B       0
                text28                             2CA8     2CA8       30      80B       0
                text27                             2DB8     2DB8        4      80B       0
                text26                             2DB4     2DB4        4      80B       0
                text25                             2DB0     2DB0        4      80B       0
                text24                             2DAC     2DAC        4      80B       0
                text23                             2D52     2D52       1A      80B       0
                text22                             2D38     2D38       1A      80B       0
                text21                             2D1E     2D1E       1A      80B       0
                text20                             2D04     2D04       1A      80B       0
                text19                             2D94     2D94        C      80B       0
                text18                             2D88     2D88        C      80B       0
                text17                             2DA0     2DA0        8      80B       0
                text16                             2D7C     2D7C        C      80B       0
                intcode_body                       1C9A     1C9A      376      80B       0
                text14                             2AF4     2AF4       70      80B       0
                text13                             2782     2782      140      80B       0
                text12                             2394     2394      168      80B       0
                text11                             2C6E     2C6E       3A      80B       0
                text10                             1016     1016      4C0      80B       0
                text9                              1900     1900      39A      80B       0
                text8                              14D6     14D6      42A      80B       0
                text7                              29EE     29EE      106      80B       0
                text6                              21E0     21E0      1B4      80B       0
                text5                              2010     2010      1D0      80B       0
                text4                              24FC     24FC      144      80B       0
                text3                              28C2     28C2      12C      80B       0
                text2                              2B64     2B64       6C      80B       0
                text1                              2640     2640      142      80B       0
                text0                              2C32     2C32       3C      80B       0
                cstackCOMRAM                          1        1       69        1       1
                cstackBANK0                          F1       F1        3       80       1
                dataBANK0                            C5       C5       2C       80       1
                bssBANK0                             80       80       45       80       1
                dataCOMRAM                           78       78        4        1       1
                bssCOMRAM                            6A       6A        E        1       1
                cinit                              2BD0     2BD0       62      80B       0
                idataBANK0                         2CD8     2CD8       2C      80B       0
                idataCOMRAM                        2DA8     2DA8        4      80B       0

TOTAL           Name                               Link     Load   Length     Space
        CLASS   CODE           
                intcode                               8        8        6         0
                init                                  E        E        4         0
                reset_vec                             0        0        4         0
                text30                             2DBC     2DBC        4         0
                text29                             2D6C     2D6C       10         0
                text28                             2CA8     2CA8       30         0
                text27                             2DB8     2DB8        4         0
                text26                             2DB4     2DB4        4         0
                text25                             2DB0     2DB0        4         0
                text24                             2DAC     2DAC        4         0
                text23                             2D52     2D52       1A         0
                text22                             2D38     2D38       1A         0
                text21                             2D1E     2D1E       1A         0
                text20                             2D04     2D04       1A         0
                text19                             2D94     2D94        C         0
                text18                             2D88     2D88        C         0
                text17                             2DA0     2DA0        8         0
                text16                             2D7C     2D7C        C         0
                intcode_body                       1C9A     1C9A      376         0
                text14                             2AF4     2AF4       70         0
                text13                             2782     2782      140         0
                text12                             2394     2394      168         0
                text11                             2C6E     2C6E       3A         0
                text10                             1016     1016      4C0         0
                text9                              1900     1900      39A         0
                text8                              14D6     14D6      42A         0
                text7                              29EE     29EE      106         0
                text6                              21E0     21E0      1B4         0
                text5                              2010     2010      1D0         0
                text4                              24FC     24FC      144         0
                text3                              28C2     28C2      12C         0
                text2                              2B64     2B64       6C         0
                text1                              2640     2640      142         0
                text0                              2C32     2C32       3C         0
                cinit                              2BD0     2BD0       62         0
                idataBANK0                         2CD8     2CD8       2C         0
                idataCOMRAM                        2DA8     2DA8        4         0

        CLASS   CONST          

        CLASS   SMALLCONST     
                smallconst                         1000     1000       16         0

        CLASS   MEDIUMCONST    

        CLASS   COMRAM         
                temp                                 7C       7C        1         1
                cstackCOMRAM                          1        1       69         1
                dataCOMRAM                           78       78        4         1
                bssCOMRAM                            6A       6A        E         1

        CLASS   ABS1           

        CLASS   BIGRAM         

        CLASS   RAM            

        CLASS   BANK0          
                cstackBANK0                          F1       F1        3         1
                dataBANK0                            C5       C5       2C         1
                bssBANK0                             80       80       45         1

        CLASS   BANK1          

        CLASS   BANK2          

        CLASS   BANK3          

        CLASS   BANK4          

        CLASS   BANK5          

        CLASS   BANK6          

        CLASS   BANK7          

        CLASS   BANK8          

        CLASS   BANK9          

        CLASS   BANK10         

        CLASS   BANK11         

        CLASS   BANK12         

        CLASS   BANK13         

        CLASS   BANK14         

        CLASS   BANK15         

        CLASS   SFR            

        CLASS   BIGSFR         

        CLASS   CONFIG         
                config                           300000   300000        E         4

        CLASS   IDLOC          
                idloc                            200000   200000        8         5

        CLASS   EEDATA         

        CLASS   FARRAM         

        CLASS   HEAP           

        CLASS   STACK          



SEGMENTS        Name                           Load    Length   Top    Selector   Space  Class

                reset_vec                      000000  000004  000004         0       0  CODE    
                cstackCOMRAM                   000001  00007C  00007D         1       1  COMRAM  
                intcode                        000008  00000A  000012         4       0  CODE    
                bssBANK0                       000080  000074  0000F4        80       1  BANK0   
                smallconst                     001000  000016  001016       800       0  SMALLCON
                text10                         001016  001DAA  002DC0       80B       0  CODE    


UNUSED ADDRESS RANGES

        Name                Unused          Largest block    Delta
        BANK0            0000F4-0000FF                C
        BANK1            000100-0001FF              100
        BANK10           000A00-000AFF              100
        BANK11           000B00-000BFF              100
        BANK12           000C00-000CFF              100
        BANK13           000D00-000DFF              100
        BANK14           000E00-000EFF              100
        BANK15           000F00-000F7F               80
        BANK2            000200-0002FF              100
        BANK3            000300-0003FF              100
        BANK4            000400-0004FF              100
        BANK5            000500-0005FF              100
        BANK6            000600-0006FF              100
        BANK7            000700-0007FF              100
        BANK8            000800-0008FF              100
        BANK9            000900-0009FF              100
        BIGRAM           00007D-00007F                3
                         0000F4-000F7F              E8C
        BIGSFR           000F80-000FFF               80
        CODE             000004-000007                4
                         000012-000FFF              FEE
                         002DC0-00FFFF             D240
        COMRAM           00007D-00007F                3
        CONST            000004-000007                4
                         000012-000FFF              FEE
                         002DC0-00FFFF             D240
        EEDATA           F00000-F003FF              400
        MEDIUMCONST      002DC0-00FFFF             D240
        RAM              0000F4-000F7F              100
        SFR              000F80-000FFF               80
        SMALLCONST       002DC0-00FFFF              100

                                  Symbol Table

?___fladd                                 cstackCOMRAM 000044
?___fldiv                                 cstackCOMRAM 00002B
?___flmul                                 cstackCOMRAM 000012
?___fltol                                 cstackCOMRAM 000054
?___xxtofl                                cstackCOMRAM 000004
CCP_Capture_Mode_Config@_ccp_obj          cstackCOMRAM 000007
CCP_Capture_Mode_Config@ret               cstackCOMRAM 00000B
CCP_Compare_Mode_Config@_ccp_obj          cstackCOMRAM 000007
CCP_Compare_Mode_Config@ret               cstackCOMRAM 00000B
CCP_Init@_ccp_obj                         cstackBANK0  0000F1
CCP_Init@ret                              cstackBANK0  0000F3
CCP_Interrupt_Config@_ccp_obj             cstackCOMRAM 000004
CCP_Mode_Timer_Select@_ccp_obj            cstackCOMRAM 000004
CCP_PWM_Mode_Config@_ccp_obj              cstackCOMRAM 00005E
RB4_ISR@RB4_Source                        cstackCOMRAM 000001
RB5_ISR@RB5_Source                        cstackCOMRAM 000001
RB6_ISR@RB6_Source                        cstackCOMRAM 000001
RB7_ISR@RB7_Source                        cstackCOMRAM 000001
_ADCON0bits                               (abs)        000FC2
_ADCON1bits                               (abs)        000FC1
_ADCON2bits                               (abs)        000FC0
_ADC_ISR                                  text30       002DBC
_ADC_InterruptHandler                     bssBANK0     0000B2
_ADRESH                                   (abs)        000FC4
_ADRESL                                   (abs)        000FC3
_CCP1CONbits                              (abs)        000FBD
_CCP1_DefaultInterruptHandler             text29       002D6C
_CCP1_ISR                                 text28       002CA8
_CCP1_InterruptHandler                    bssBANK0     000092
_CCP1_Interrupt_Flag                      bssBANK0     00008C
_CCP2CONbits                              (abs)        000FBA
_CCP2_ISR                                 text27       002DB8
_CCP2_InterruptHandler                    bssBANK0     000090
_CCPR1L                                   (abs)        000FBE
_CCPR2L                                   (abs)        000FBB
_CCP_Capture_Mode_Config                  text13       002782
_CCP_Compare_Mode_Config                  text12       002394
_CCP_Init                                 text1        002640
_CCP_Interrupt_Config                     text11       002C6E
_CCP_Mode_Timer_Select                    text14       002AF4
_CCP_PWM_Mode_Config                      text5        002010
_CCP_PWM_Mode_Config$4083                 cstackCOMRAM 000061
_CCP_PWM_Mode_Config$4084                 cstackCOMRAM 000065
_EEADR                                    (abs)        000FA9
_EEADRH                                   (abs)        000FAA
_EECON1bits                               (abs)        000FA6
_EECON2                                   (abs)        000FA7
_EEDATA                                   (abs)        000FA8
_INT0_ISR                                 text26       002DB4
_INT0_InterruptHandler                    bssBANK0     0000B0
_INT1_ISR                                 text25       002DB0
_INT1_InterruptHandler                    bssBANK0     0000AE
_INT2_ISR                                 text24       002DAC
_INT2_InterruptHandler                    bssBANK0     0000AC
_INTCON2bits                              (abs)        000FF1
_INTCON3bits                              (abs)        000FF0
_INTCONbits                               (abs)        000FF2
_InterruptManager                         intcode      000008
_LATA                                     (abs)        000F89
_LATB                                     (abs)        000F8A
_LATC                                     (abs)        000F8B
_LATD                                     (abs)        000F8C
_LATE                                     (abs)        000F8D
_PIE1bits                                 (abs)        000F9D
_PIE2bits                                 (abs)        000FA0
_PIR1bits                                 (abs)        000F9E
_PIR2bits                                 (abs)        000FA1
_PORTA                                    (abs)        000F80
_PORTB                                    (abs)        000F81
_PORTBbits                                (abs)        000F81
_PORTC                                    (abs)        000F82
_PORTD                                    (abs)        000F83
_PORTE                                    (abs)        000F84
_PR2                                      (abs)        000FCB
_RB4_Flag                                 dataCOMRAM   00007B
_RB4_ISR                                  text23       002D52
_RB4_InterruptHandler_HIGH                bssBANK0     0000AA
_RB4_InterruptHandler_LOW                 bssBANK0     0000A8
_RB5_Flag                                 dataCOMRAM   00007A
_RB5_ISR                                  text22       002D38
_RB5_InterruptHandler_HIGH                bssBANK0     0000A6
_RB5_InterruptHandler_LOW                 bssBANK0     0000A4
_RB6_Flag                                 dataCOMRAM   000079
_RB6_ISR                                  text21       002D1E
_RB6_InterruptHandler_HIGH                bssBANK0     0000A2
_RB6_InterruptHandler_LOW                 bssBANK0     0000A0
_RB7_Flag                                 dataCOMRAM   000078
_RB7_ISR                                  text20       002D04
_RB7_InterruptHandler_HIGH                bssBANK0     00009E
_RB7_InterruptHandler_LOW                 bssBANK0     00009C
_T0CONbits                                (abs)        000FD5
_T1CONbits                                (abs)        000FCD
_T2CONbits                                (abs)        000FCA
_T3CONbits                                (abs)        000FB1
_TMR0H                                    (abs)        000FD7
_TMR0L                                    (abs)        000FD6
_TMR0_ISR                                 text19       002D94
_TMR0_InterruptHandler                    bssBANK0     00009A
_TMR1H                                    (abs)        000FCF
_TMR1L                                    (abs)        000FCE
_TMR1_ISR                                 text18       002D88
_TMR1_InterruptHandler                    bssBANK0     000098
_TMR2                                     (abs)        000FCC
_TMR2_ISR                                 text17       002DA0
_TMR2_InterruptHandler                    bssBANK0     000096
_TMR3H                                    (abs)        000FB3
_TMR3L                                    (abs)        000FB2
_TMR3_ISR                                 text16       002D7C
_TMR3_InterruptHandler                    bssBANK0     000094
_TRISA                                    (abs)        000F92
_TRISB                                    (abs)        000F93
_TRISC                                    (abs)        000F94
_TRISD                                    (abs)        000F95
_TRISE                                    (abs)        000F96
__HRAM                                    (abs)        000000
__Habs1                                   abs1         000000
__Hbank0                                  bank0        000000
__Hbank1                                  bank1        000000
__Hbank10                                 bank10       000000
__Hbank11                                 bank11       000000
__Hbank12                                 bank12       000000
__Hbank13                                 bank13       000000
__Hbank14                                 bank14       000000
__Hbank15                                 bank15       000000
__Hbank2                                  bank2        000000
__Hbank3                                  bank3        000000
__Hbank4                                  bank4        000000
__Hbank5                                  bank5        000000
__Hbank6                                  bank6        000000
__Hbank7                                  bank7        000000
__Hbank8                                  bank8        000000
__Hbank9                                  bank9        000000
__Hbigbss                                 bigbss       000000
__Hbigdata                                bigdata      000000
__Hbigram                                 bigram       000000
__Hbigsfr                                 bigsfr       000000
__Hbss                                    bss          000000
__HbssBANK0                               bssBANK0     000000
__HbssCOMRAM                              bssCOMRAM    000000
__Hcinit                                  cinit        000000
__Hclrtext                                clrtext      000000
__Hcomram                                 comram       000000
__Hconfig                                 config       30000E
__Hconst                                  const        000000
__HcstackBANK0                            cstackBANK0  000000
__HcstackCOMRAM                           cstackCOMRAM 000000
__Hdata                                   data         000000
__HdataBANK0                              dataBANK0    000000
__HdataCOMRAM                             dataCOMRAM   000000
__Heeprom_data                            eeprom_data  000000
__Hfarbss                                 farbss       000000
__Hfardata                                fardata      000000
__Hheap                                   heap         000000
__Hibigdata                               ibigdata     000000
__Hidata                                  idata        000000
__HidataBANK0                             idataBANK0   000000
__HidataCOMRAM                            idataCOMRAM  000000
__Hidloc                                  idloc        200008
__Hifardata                               ifardata     000000
__Hinit                                   init         000012
__Hintcode                                intcode      00000E
__Hintcode_body                           intcode_body 000000
__Hintcodelo                              intcodelo    00000E
__Hintentry                               intentry     000000
__Hintret                                 intret       000000
__Hintsave_regs                           intsave_regs 000000
__Hirdata                                 irdata       000000
__Hmediumconst                            mediumconst  000000
__HnvFARRAM                               nvFARRAM     000000
__Hnvbit                                  nvbit        000000
__Hnvrram                                 nvrram       000000
__Hparam                                  rparam       000000
__Hpowerup                                powerup      00000E
__Hram                                    ram          000000
__Hramtop                                 ramtop       001000
__Hrbit                                   rbit         000000
__Hrbss                                   rbss         000000
__Hrdata                                  rdata        000000
__Hreset_vec                              reset_vec    000004
__Hrparam                                 rparam       000000
__Hsfr                                    sfr          000000
__Hsmallconst                             smallconst   001016
__Hspace_0                                (abs)        002DC0
__Hspace_1                                (abs)        0000F4
__Hspace_2                                (abs)        000000
__Hspace_4                                (abs)        60000E
__Hstack                                  stack        000000
__Hstruct                                 struct       000000
__Htemp                                   temp         00007D
__Htext                                   text         000000
__Htext0                                  text0        000000
__Htext1                                  text1        000000
__Htext10                                 text10       000000
__Htext11                                 text11       000000
__Htext12                                 text12       000000
__Htext13                                 text13       000000
__Htext14                                 text14       000000
__Htext16                                 text16       000000
__Htext17                                 text17       000000
__Htext18                                 text18       000000
__Htext19                                 text19       000000
__Htext2                                  text2        000000
__Htext20                                 text20       000000
__Htext21                                 text21       000000
__Htext22                                 text22       000000
__Htext23                                 text23       000000
__Htext24                                 text24       000000
__Htext25                                 text25       000000
__Htext26                                 text26       000000
__Htext27                                 text27       000000
__Htext28                                 text28       000000
__Htext29                                 text29       000000
__Htext3                                  text3        000000
__Htext30                                 text30       000000
__Htext31                                 text31       000000
__Htext4                                  text4        000000
__Htext5                                  text5        000000
__Htext6                                  text6        000000
__Htext7                                  text7        000000
__Htext8                                  text8        000000
__Htext9                                  text9        000000
__LRAM                                    (abs)        000001
__Labs1                                   abs1         000000
__Lbank0                                  bank0        000000
__Lbank1                                  bank1        000000
__Lbank10                                 bank10       000000
__Lbank11                                 bank11       000000
__Lbank12                                 bank12       000000
__Lbank13                                 bank13       000000
__Lbank14                                 bank14       000000
__Lbank15                                 bank15       000000
__Lbank2                                  bank2        000000
__Lbank3                                  bank3        000000
__Lbank4                                  bank4        000000
__Lbank5                                  bank5        000000
__Lbank6                                  bank6        000000
__Lbank7                                  bank7        000000
__Lbank8                                  bank8        000000
__Lbank9                                  bank9        000000
__Lbigbss                                 bigbss       000000
__Lbigdata                                bigdata      000000
__Lbigram                                 bigram       000000
__Lbigsfr                                 bigsfr       000000
__Lbss                                    bss          000000
__LbssBANK0                               bssBANK0     000000
__LbssCOMRAM                              bssCOMRAM    000000
__Lcinit                                  cinit        000000
__Lclrtext                                clrtext      000000
__Lcomram                                 comram       000000
__Lconfig                                 config       000000
__Lconst                                  const        000000
__LcstackBANK0                            cstackBANK0  000000
__LcstackCOMRAM                           cstackCOMRAM 000000
__Ldata                                   data         000000
__LdataBANK0                              dataBANK0    000000
__LdataCOMRAM                             dataCOMRAM   000000
__Leeprom_data                            eeprom_data  000000
__Lfarbss                                 farbss       000000
__Lfardata                                fardata      000000
__Lheap                                   heap         000000
__Libigdata                               ibigdata     000000
__Lidata                                  idata        000000
__LidataBANK0                             idataBANK0   000000
__LidataCOMRAM                            idataCOMRAM  000000
__Lidloc                                  idloc        000000
__Lifardata                               ifardata     000000
__Linit                                   init         00000E
__Lintcode                                intcode      000008
__Lintcode_body                           intcode_body 000000
__Lintcodelo                              intcodelo    00000E
__Lintentry                               intentry     000000
__Lintret                                 intret       000000
__Lintsave_regs                           intsave_regs 000000
__Lirdata                                 irdata       000000
__Lmediumconst                            mediumconst  000000
__LnvFARRAM                               nvFARRAM     000000
__Lnvbit                                  nvbit        000000
__Lnvrram                                 nvrram       000000
__Lparam                                  rparam       000000
__Lpowerup                                powerup      00000E
__Lram                                    ram          000000
__Lramtop                                 ramtop       001000
__Lrbit                                   rbit         000000
__Lrbss                                   rbss         000000
__Lrdata                                  rdata        000000
__Lreset_vec                              reset_vec    000000
__Lrparam                                 rparam       000000
__Lsfr                                    sfr          000000
__Lsmallconst                             smallconst   001000
__Lspace_0                                (abs)        000000
__Lspace_1                                (abs)        000000
__Lspace_2                                (abs)        000000
__Lspace_4                                (abs)        000000
__Lstack                                  stack        000000
__Lstruct                                 struct       000000
__Ltemp                                   temp         00007C
__Ltext                                   text         000000
__Ltext0                                  text0        000000
__Ltext1                                  text1        000000
__Ltext10                                 text10       000000
__Ltext11                                 text11       000000
__Ltext12                                 text12       000000
__Ltext13                                 text13       000000
__Ltext14                                 text14       000000
__Ltext16                                 text16       000000
__Ltext17                                 text17       000000
__Ltext18                                 text18       000000
__Ltext19                                 text19       000000
__Ltext2                                  text2        000000
__Ltext20                                 text20       000000
__Ltext21                                 text21       000000
__Ltext22                                 text22       000000
__Ltext23                                 text23       000000
__Ltext24                                 text24       000000
__Ltext25                                 text25       000000
__Ltext26                                 text26       000000
__Ltext27                                 text27       000000
__Ltext28                                 text28       000000
__Ltext29                                 text29       000000
__Ltext3                                  text3        000000
__Ltext30                                 text30       000000
__Ltext31                                 text31       000000
__Ltext4                                  text4        000000
__Ltext5                                  text5        000000
__Ltext6                                  text6        000000
__Ltext7                                  text7        000000
__Ltext8                                  text8        000000
__Ltext9                                  text9        000000
__S0                                      (abs)        002DC0
__S1                                      (abs)        0000F4
__S4                                      (abs)        000000
__S5                                      (abs)        000000
___fladd                                  text10       001016
___fladd@a                                cstackCOMRAM 000048
___fladd@aexp                             cstackCOMRAM 000051
___fladd@b                                cstackCOMRAM 000044
___fladd@bexp                             cstackCOMRAM 000052
___fladd@grs                              cstackCOMRAM 000053
___fladd@signs                            cstackCOMRAM 000050
___fldiv                                  text9        001900
___fldiv@a                                cstackCOMRAM 00002F
___fldiv@aexp                             cstackCOMRAM 000043
___fldiv@b                                cstackCOMRAM 00002B
___fldiv@bexp                             cstackCOMRAM 000042
___fldiv@grs                              cstackCOMRAM 00003E
___fldiv@new_exp                          cstackCOMRAM 00003C
___fldiv@rem                              cstackCOMRAM 000037
___fldiv@sign                             cstackCOMRAM 00003B
___flmul                                  text8        0014D6
___flmul@a                                cstackCOMRAM 000016
___flmul@aexp                             cstackCOMRAM 00001F
___flmul@b                                cstackCOMRAM 000012
___flmul@bexp                             cstackCOMRAM 000024
___flmul@grs                              cstackCOMRAM 000020
___flmul@prod                             cstackCOMRAM 000025
___flmul@sign                             cstackCOMRAM 00001E
___flmul@temp                             cstackCOMRAM 000029
___fltol                                  text7        0029EE
___fltol@exp1                             cstackCOMRAM 00005D
___fltol@f1                               cstackCOMRAM 000054
___fltol@sign1                            cstackCOMRAM 00005C
___heap_hi                                (abs)        000000
___heap_lo                                (abs)        000000
___inthi_sp                               stack        000000
___intlo_sp                               stack        000000
___param_bank                             (abs)        000000
___rparam_used                            (abs)        000001
___sp                                     stack        000000
___xxtofl                                 text6        0021E0
___xxtofl@arg                             cstackCOMRAM 00000E
___xxtofl@exp                             cstackCOMRAM 00000D
___xxtofl@sign                            cstackCOMRAM 00000C
___xxtofl@val                             cstackCOMRAM 000004
__accesstop                               (abs)        000080
__activetblptr                            (abs)        000003
__end_of_ADC_ISR                          text30       002DC0
__end_of_CCP1_DefaultInterruptHandler     text29       002D7C
__end_of_CCP1_ISR                         text28       002CD8
__end_of_CCP2_ISR                         text27       002DBC
__end_of_CCP_Capture_Mode_Config          text13       0028C2
__end_of_CCP_Compare_Mode_Config          text12       0024FC
__end_of_CCP_Init                         text1        002782
__end_of_CCP_Interrupt_Config             text11       002CA8
__end_of_CCP_Mode_Timer_Select            text14       002B64
__end_of_CCP_PWM_Mode_Config              text5        0021E0
__end_of_INT0_ISR                         text26       002DB8
__end_of_INT1_ISR                         text25       002DB4
__end_of_INT2_ISR                         text24       002DB0
__end_of_InterruptManager                 intcode_body 002010
__end_of_RB4_ISR                          text23       002D6C
__end_of_RB5_ISR                          text22       002D52
__end_of_RB6_ISR                          text21       002D38
__end_of_RB7_ISR                          text20       002D1E
__end_of_TMR0_ISR                         text19       002DA0
__end_of_TMR1_ISR                         text18       002D94
__end_of_TMR2_ISR                         text17       002DA8
__end_of_TMR3_ISR                         text16       002D88
__end_of___fladd                          text10       0014D6
__end_of___fldiv                          text9        001C9A
__end_of___flmul                          text8        001900
__end_of___fltol                          text7        002AF4
__end_of___xxtofl                         text6        002394
__end_of__initialization                  cinit        002C28
__end_of_btn_values                       smallconst   001011
__end_of_gpio_pin_direction_initialize    text4        002640
__end_of_gpio_pin_initialize              text2        002BD0
__end_of_gpio_pin_write_logic             text3        0029EE
__end_of_main                             text0        002C6E
__initialization                          cinit        002BD0
__mediumconst                             mediumconst  000000
__pbssBANK0                               bssBANK0     000080
__pbssCOMRAM                              bssCOMRAM    00006A
__pcinit                                  cinit        002BD0
__pcstackBANK0                            cstackBANK0  0000F1
__pcstackCOMRAM                           cstackCOMRAM 000001
__pdataBANK0                              dataBANK0    0000C5
__pdataCOMRAM                             dataCOMRAM   000078
__pidataBANK0                             idataBANK0   002CD8
__pidataCOMRAM                            idataCOMRAM  002DA8
__pintcode                                intcode      000008
__pintcode_body                           intcode_body 001C9A
__psmallconst                             smallconst   001000
__ptext0                                  text0        002C32
__ptext1                                  text1        002640
__ptext10                                 text10       001016
__ptext11                                 text11       002C6E
__ptext12                                 text12       002394
__ptext13                                 text13       002782
__ptext14                                 text14       002AF4
__ptext16                                 text16       002D7C
__ptext17                                 text17       002DA0
__ptext18                                 text18       002D88
__ptext19                                 text19       002D94
__ptext2                                  text2        002B64
__ptext20                                 text20       002D04
__ptext21                                 text21       002D1E
__ptext22                                 text22       002D38
__ptext23                                 text23       002D52
__ptext24                                 text24       002DAC
__ptext25                                 text25       002DB0
__ptext26                                 text26       002DB4
__ptext27                                 text27       002DB8
__ptext28                                 text28       002CA8
__ptext29                                 text29       002D6C
__ptext3                                  text3        0028C2
__ptext30                                 text30       002DBC
__ptext31                                 text31       000000
__ptext4                                  text4        0024FC
__ptext5                                  text5        002010
__ptext6                                  text6        0021E0
__ptext7                                  text7        0029EE
__ptext8                                  text8        0014D6
__ptext9                                  text9        001900
__ramtop                                  ramtop       001000
__smallconst                              smallconst   001000
_ccp_obj                                  bssBANK0     0000B4
_gpio_pin_direction_initialize            text4        0024FC
_gpio_pin_initialize                      text2        002B64
_gpio_pin_write_logic                     text3        0028C2
_keypad1                                  dataBANK0    0000E3
_lat_registers                            dataBANK0    0000CF
_lcd_1                                    dataBANK0    0000EB
_main                                     text0        002C32
_port_registers                           dataBANK0    0000C5
_timer0_preload                           bssCOMRAM    00006E
_timer1_preload                           bssCOMRAM    00006C
_timer2_preload                           bssCOMRAM    000070
_timer3_obj                               bssBANK0     000080
_timer3_preload                           bssCOMRAM    00006A
_tris_registers                           dataBANK0    0000D9
btemp                                     temp         00007C
end_of_initialization                     cinit        002C28
gpio_pin_direction_initialize@_pin_config cstackCOMRAM 000004
gpio_pin_direction_initialize@ret         cstackCOMRAM 00000C
gpio_pin_initialize@_pin_config           cstackCOMRAM 00000E
gpio_pin_initialize@ret                   cstackCOMRAM 000011
gpio_pin_write_logic@_pin_config          cstackCOMRAM 000004
gpio_pin_write_logic@logic                cstackCOMRAM 000006
gpio_pin_write_logic@ret                  cstackCOMRAM 00000D
int$flags                                 temp         00007C
int_func                                  intcode_body 001C9A
intlevel0                                 text         000000
intlevel1                                 text         000000
intlevel2                                 text         000000
intlevel3                                 text         000000
isa$std                                   (abs)        000001
isa$xinst                                 (abs)        000000
led_initialize@F3045                      bssCOMRAM    000077
led_turn_off@F3055                        bssCOMRAM    000075
led_turn_on@F3050                         bssCOMRAM    000076
led_turn_toggle@F3060                     bssCOMRAM    000074
relay_initialize@F3039                    bssCOMRAM    000073
relay_off@F3049                           bssCOMRAM    000071
relay_on@F3044                            bssCOMRAM    000072
stackhi                                   (abs)        000000
stacklo                                   (abs)        000000
start                                     init         00000E
start_initialization                      cinit        002BD0
ttemp5                                    temp         00007D
ttemp6                                    temp         000080
ttemp7                                    temp         000084
wtemp8                                    temp         00007D


MODULE INFORMATION

Module		Function		Class		Link	Load	Size
C:\Program Files\Microchip\xc8\v2.40\pic\sources\c99\common\sprcmul.c
		___flmul       		CODE           	14D6	0000	1066

C:\Program Files\Microchip\xc8\v2.40\pic\sources\c99\common\sprcmul.c estimated size: 1066

MCAL_layer/Interrupt/mcal_interrupt_manager.c
		_InterruptManager		CODE           	0008	0000	892

MCAL_layer/Interrupt/mcal_interrupt_manager.c estimated size: 892

MCAL_layer/Interrupt/mcal_external_interrupt.c
		_RB4_ISR       		CODE           	2D52	0000	26
		_RB5_ISR       		CODE           	2D38	0000	26
		_RB6_ISR       		CODE           	2D1E	0000	26
		_RB7_ISR       		CODE           	2D04	0000	26
		_INT0_ISR      		CODE           	2DB4	0000	4
		_INT1_ISR      		CODE           	2DB0	0000	4
		_INT2_ISR      		CODE           	2DAC	0000	4

MCAL_layer/Interrupt/mcal_external_interrupt.c estimated size: 116

C:\Program Files\Microchip\xc8\v2.40\pic\sources\c99\common\sprcdiv.c
		___fldiv       		CODE           	1900	0000	922

C:\Program Files\Microchip\xc8\v2.40\pic\sources\c99\common\sprcdiv.c estimated size: 922

MCAL_layer/GPIO/hal_gpio.c
		_gpio_pin_write_logic		CODE           	28C2	0000	300
		_gpio_pin_direction_initialize		CODE           	24FC	0000	324
		_gpio_pin_initialize		CODE           	2B64	0000	108

MCAL_layer/GPIO/hal_gpio.c estimated size: 732

C:\Program Files\Microchip\xc8\v2.40\pic\sources\c99\common\fltol.c
		___fltol       		CODE           	29EE	0000	262

C:\Program Files\Microchip\xc8\v2.40\pic\sources\c99\common\fltol.c estimated size: 262

C:\Program Files\Microchip\xc8\v2.40\pic\sources\c99\common\sprcadd.c
		___fladd       		CODE           	1016	0000	1216

C:\Program Files\Microchip\xc8\v2.40\pic\sources\c99\common\sprcadd.c estimated size: 1216

C:\Program Files\Microchip\xc8\v2.40\pic\sources\c99\common\xxtofl.c
		___xxtofl      		CODE           	21E0	0000	436

C:\Program Files\Microchip\xc8\v2.40\pic\sources\c99\common\xxtofl.c estimated size: 436

MCAL_layer/Timer3/hal_timer3.c
		_TMR3_ISR      		CODE           	2D7C	0000	12

MCAL_layer/Timer3/hal_timer3.c estimated size: 12

MCAL_layer/Timer2/hal_timer2.c
		_TMR2_ISR      		CODE           	2DA0	0000	8

MCAL_layer/Timer2/hal_timer2.c estimated size: 8

MCAL_layer/ADC/hal_adc.c
		_ADC_ISR       		CODE           	2DBC	0000	4

MCAL_layer/ADC/hal_adc.c estimated size: 4

shared
		_btn_values    		SMALLCONST     	0000	0000	0
		__initialization		CODE           	2BD0	0000	88

shared estimated size: 88

MCAL_layer/Timer1/hal_timer1.c
		_TMR1_ISR      		CODE           	2D88	0000	12

MCAL_layer/Timer1/hal_timer1.c estimated size: 12

MCAL_layer/Timer0/hal_timer0.c
		_TMR0_ISR      		CODE           	2D94	0000	12

MCAL_layer/Timer0/hal_timer0.c estimated size: 12

application.c
		_CCP1_DefaultInterruptHandler		CODE           	2D6C	0000	16
		_main          		CODE           	2C32	0000	60

application.c estimated size: 76

MCAL_layer/CCP/hal_ccp.c
		_CCP_Capture_Mode_Config		CODE           	2782	0000	320
		_CCP_Mode_Timer_Select		CODE           	2AF4	0000	112
		_CCP_PWM_Mode_Config		CODE           	2010	0000	464
		_CCP1_ISR      		CODE           	2CA8	0000	48
		_CCP_Init      		CODE           	2640	0000	322
		_CCP2_ISR      		CODE           	2DB8	0000	4
		_CCP_Compare_Mode_Config		CODE           	2394	0000	360
		_CCP_Interrupt_Config		CODE           	2C6E	0000	58

MCAL_layer/CCP/hal_ccp.c estimated size: 1688

