Microchip MPLAB XC8 Compiler V2.40

Linker command line:

-W-3 \
  --edf=C:\Program Files\Microchip\xc8\v2.40\pic\dat\20220703182018_en.msgs \
  -cn -h+dist/default/production\MPLABXProjects.production.sym \
  --cmf=dist/default/production\MPLABXProjects.production.cmf -z -Q18F4620 \
  -oC:\Users\lenovo\AppData\Local\Temp\xcAsi8s.4 --defsym=__MPLAB_BUILD=1 \
  --fixupoverflow=error \
  -Mdist/default/production/MPLABXProjects.production.map \
  --md=C:\Users\lenovo\AppData\Local\Temp\xcAsi8s.dat -E1 -ver=XC8 Compiler \
  --acfsm=1493 -ACODE=00h-0FFFFh -ACONST=00h-0FFFFh \
  -ASMALLCONST=01000h-010FFhx240 -AMEDIUMCONST=01000h-0FFFFh \
  -ACOMRAM=01h-07Fh -AABS1=00h-0F7Fh -ABIGRAM=01h-0F7Fh \
  -ARAM=080h-0FFh,0100h-01FFhx14,0F00h-0F7Fh -ABANK0=080h-0FFh \
  -ABANK1=0100h-01FFh -ABANK2=0200h-02FFh -ABANK3=0300h-03FFh \
  -ABANK4=0400h-04FFh -ABANK5=0500h-05FFh -ABANK6=0600h-06FFh \
  -ABANK7=0700h-07FFh -ABANK8=0800h-08FFh -ABANK9=0900h-09FFh \
  -ABANK10=0A00h-0AFFh -ABANK11=0B00h-0BFFh -ABANK12=0C00h-0CFFh \
  -ABANK13=0D00h-0DFFh -ABANK14=0E00h-0EFFh -ABANK15=0F00h-0F7Fh \
  -ASFR=0F80h-0FFFh -ABIGSFR=0F80h-0FFFh -ACONFIG=0300000h-030000Dh \
  -AIDLOC=0200000h-0200007h -AEEDATA=0F00000h-0F003FFh -peeprom_data=EEDATA \
  -preset_vec=00h,intcode=08h,intcodelo,powerup,init -pramtop=01000h \
  -psmallconst=SMALLCONST -pmediumconst=MEDIUMCONST -pconst=CONST \
  -AFARRAM=00h-00h \
  -prdata=COMRAM,nvrram=COMRAM,nvbit=COMRAM,rbss=COMRAM,rbit=COMRAM \
  -pfarbss=FARRAM,fardata=FARRAM,nvFARRAM=FARRAM \
  -pintsave_regs=BIGRAM,bigbss=BIGRAM,bigdata=BIGRAM -pbss=RAM \
  -pidata=CODE,irdata=CODE,ibigdata=CODE,ifardata=CODE -prparam=COMRAM \
  C:\Users\lenovo\AppData\Local\Temp\xcAsi8s.o \
  dist/default/production\MPLABXProjects.production.o 

Object code version is 3.11

Machine type is 18F4620



                Name                               Link     Load   Length Selector   Space Scale
C:\Users\lenovo\AppData\Local\Temp\xcAsi8s.o
                idloc                            200000   200000        8        0       5
                config                           300000   300000        E        0       4
                init                                  E        E        4        4       0
                reset_vec                             0        0        4        0       0
dist/default/production\MPLABXProjects.production.o
                intcode                               8        8        6        4       0
                idloc                            200000   200000        8        0       5
                config                           300000   300000        E        0       4
                temp                                 79       79        1        1       1
                smallconst                         1000     1000       16      800       0
                text22                             1AEA     1AEA        4      80B       0
                text21                             1AE6     1AE6        4      80B       0
                text20                             1AE2     1AE2        4      80B       0
                text19                             1ADE     1ADE        4      80B       0
                text18                             1ABE     1ABE       1A      80B       0
                text17                             1AA4     1AA4       1A      80B       0
                text16                             1A8A     1A8A       1A      80B       0
                text15                             1A70     1A70       1A      80B       0
                text14                             1AD8     1AD8        6      80B       0
                text13                             1A3A     1A3A       36      80B       0
                intcode_body                       1016     1016      2D6      80B       0
                text11                             1712     1712       7E      80B       0
                text10                             18EA     18EA       58      80B       0
                text9                              198E     198E       3E      80B       0
                text8                              155C     155C       A4      80B       0
                text7                              12EC     12EC      144      80B       0
                text6                              1430     1430      12C      80B       0
                text5                              187E     187E       6C      80B       0
                text4                              1790     1790       7C      80B       0
                text3                              1692     1692       80      80B       0
                text2                              1600     1600       92      80B       0
                text1                              180C     180C       72      80B       0
                text0                              1942     1942       4C      80B       0
                cstackCOMRAM                         63       63       16        1       1
                dataCOMRAM                            1        1       38        1       1
                bssCOMRAM                            39       39       2A        1       1
                cinit                              1A04     1A04       36      80B       0
                idataCOMRAM                        19CC     19CC       38      80B       0

TOTAL           Name                               Link     Load   Length     Space
        CLASS   CODE           
                intcode                               8        8        6         0
                init                                  E        E        4         0
                reset_vec                             0        0        4         0
                text22                             1AEA     1AEA        4         0
                text21                             1AE6     1AE6        4         0
                text20                             1AE2     1AE2        4         0
                text19                             1ADE     1ADE        4         0
                text18                             1ABE     1ABE       1A         0
                text17                             1AA4     1AA4       1A         0
                text16                             1A8A     1A8A       1A         0
                text15                             1A70     1A70       1A         0
                text14                             1AD8     1AD8        6         0
                text13                             1A3A     1A3A       36         0
                intcode_body                       1016     1016      2D6         0
                text11                             1712     1712       7E         0
                text10                             18EA     18EA       58         0
                text9                              198E     198E       3E         0
                text8                              155C     155C       A4         0
                text7                              12EC     12EC      144         0
                text6                              1430     1430      12C         0
                text5                              187E     187E       6C         0
                text4                              1790     1790       7C         0
                text3                              1692     1692       80         0
                text2                              1600     1600       92         0
                text1                              180C     180C       72         0
                text0                              1942     1942       4C         0
                cinit                              1A04     1A04       36         0
                idataCOMRAM                        19CC     19CC       38         0

        CLASS   CONST          

        CLASS   SMALLCONST     
                smallconst                         1000     1000       16         0

        CLASS   MEDIUMCONST    

        CLASS   COMRAM         
                temp                                 79       79        1         1
                cstackCOMRAM                         63       63       16         1
                dataCOMRAM                            1        1       38         1
                bssCOMRAM                            39       39       2A         1

        CLASS   ABS1           

        CLASS   BIGRAM         

        CLASS   RAM            

        CLASS   BANK0          

        CLASS   BANK1          

        CLASS   BANK2          

        CLASS   BANK3          

        CLASS   BANK4          

        CLASS   BANK5          

        CLASS   BANK6          

        CLASS   BANK7          

        CLASS   BANK8          

        CLASS   BANK9          

        CLASS   BANK10         

        CLASS   BANK11         

        CLASS   BANK12         

        CLASS   BANK13         

        CLASS   BANK14         

        CLASS   BANK15         

        CLASS   SFR            

        CLASS   BIGSFR         

        CLASS   CONFIG         
                config                           300000   300000        E         4

        CLASS   IDLOC          
                idloc                            200000   200000        8         5

        CLASS   EEDATA         

        CLASS   FARRAM         

        CLASS   HEAP           

        CLASS   STACK          



SEGMENTS        Name                           Load    Length   Top    Selector   Space  Class

                reset_vec                      000000  000004  000004         0       0  CODE    
                dataCOMRAM                     000001  000079  00007A         1       1  COMRAM  
                intcode                        000008  00000A  000012         4       0  CODE    
                smallconst                     001000  000016  001016       800       0  SMALLCON
                intcode_body                   001016  000AD8  001AEE       80B       0  CODE    


UNUSED ADDRESS RANGES

        Name                Unused          Largest block    Delta
        BANK0            000080-0000FF               80
        BANK1            000100-0001FF              100
        BANK10           000A00-000AFF              100
        BANK11           000B00-000BFF              100
        BANK12           000C00-000CFF              100
        BANK13           000D00-000DFF              100
        BANK14           000E00-000EFF              100
        BANK15           000F00-000F7F               80
        BANK2            000200-0002FF              100
        BANK3            000300-0003FF              100
        BANK4            000400-0004FF              100
        BANK5            000500-0005FF              100
        BANK6            000600-0006FF              100
        BANK7            000700-0007FF              100
        BANK8            000800-0008FF              100
        BANK9            000900-0009FF              100
        BIGRAM           00007A-000F7F              F06
        BIGSFR           000F80-000FFF               80
        CODE             000004-000007                4
                         000012-000FFF              FEE
                         001AEE-00FFFF             E512
        COMRAM           00007A-00007F                6
        CONST            000004-000007                4
                         000012-000FFF              FEE
                         001AEE-00FFFF             E512
        EEDATA           F00000-F003FF              400
        MEDIUMCONST      001AEE-00FFFF             E512
        RAM              000080-000F7F              100
        SFR              000F80-000FFF               80
        SMALLCONST       001AEE-00FFFF              100

                                  Symbol Table

RB4_ISR@RB4_Source                        cstackCOMRAM 000063
RB5_ISR@RB5_Source                        cstackCOMRAM 000063
RB6_ISR@RB6_Source                        cstackCOMRAM 000063
RB7_ISR@RB7_Source                        cstackCOMRAM 000063
Timer0_Init@_timer                        cstackCOMRAM 000069
Timer0_Init@ret                           cstackCOMRAM 00006D
Timer0_Mode_Select@_timer                 cstackCOMRAM 000066
Timer0_Prescaler_Config@_timer            cstackCOMRAM 000066
Timer0_Register_Size_Config@_timer        cstackCOMRAM 000066
_ADCON0bits                               (abs)        000FC2
_ADCON1bits                               (abs)        000FC1
_ADCON2bits                               (abs)        000FC0
_ADC_ISR                                  text22       001AEA
_ADC_InterruptHandler                     bssCOMRAM    000059
_ADRESH                                   (abs)        000FC4
_ADRESL                                   (abs)        000FC3
_EEADR                                    (abs)        000FA9
_EEADRH                                   (abs)        000FAA
_EECON1bits                               (abs)        000FA6
_EECON2                                   (abs)        000FA7
_EEDATA                                   (abs)        000FA8
_INT0_ISR                                 text21       001AE6
_INT0_InterruptHandler                    bssCOMRAM    000057
_INT1_ISR                                 text20       001AE2
_INT1_InterruptHandler                    bssCOMRAM    000055
_INT2_ISR                                 text19       001ADE
_INT2_InterruptHandler                    bssCOMRAM    000053
_INTCON2bits                              (abs)        000FF1
_INTCON3bits                              (abs)        000FF0
_INTCONbits                               (abs)        000FF2
_InterruptManager                         intcode      000008
_LATA                                     (abs)        000F89
_LATB                                     (abs)        000F8A
_LATC                                     (abs)        000F8B
_LATD                                     (abs)        000F8C
_LATE                                     (abs)        000F8D
_PIE1bits                                 (abs)        000F9D
_PIR1bits                                 (abs)        000F9E
_PORTA                                    (abs)        000F80
_PORTB                                    (abs)        000F81
_PORTBbits                                (abs)        000F81
_PORTC                                    (abs)        000F82
_PORTD                                    (abs)        000F83
_PORTE                                    (abs)        000F84
_RB4_Flag                                 dataCOMRAM   000030
_RB4_ISR                                  text18       001ABE
_RB4_InterruptHandler_HIGH                bssCOMRAM    000051
_RB4_InterruptHandler_LOW                 bssCOMRAM    00004F
_RB5_Flag                                 dataCOMRAM   00002F
_RB5_ISR                                  text17       001AA4
_RB5_InterruptHandler_HIGH                bssCOMRAM    00004D
_RB5_InterruptHandler_LOW                 bssCOMRAM    00004B
_RB6_Flag                                 dataCOMRAM   00002E
_RB6_ISR                                  text16       001A8A
_RB6_InterruptHandler_HIGH                bssCOMRAM    000049
_RB6_InterruptHandler_LOW                 bssCOMRAM    000047
_RB7_Flag                                 dataCOMRAM   00002D
_RB7_ISR                                  text15       001A70
_RB7_InterruptHandler_HIGH                bssCOMRAM    000045
_RB7_InterruptHandler_LOW                 bssCOMRAM    000043
_T0CONbits                                (abs)        000FD5
_TMR0H                                    (abs)        000FD7
_TMR0L                                    (abs)        000FD6
_TMR0_ISR                                 text13       001A3A
_TMR0_InterruptHandler                    bssCOMRAM    000041
_TRISA                                    (abs)        000F92
_TRISB                                    (abs)        000F93
_TRISC                                    (abs)        000F94
_TRISD                                    (abs)        000F95
_TRISE                                    (abs)        000F96
_Timer0_DefaultInterruptHandler           text14       001AD8
_Timer0_Init                              text8        00155C
_Timer0_Mode_Select                       text11       001712
_Timer0_Prescaler_Config                  text10       0018EA
_Timer0_Register_Size_Config              text9        00198E
__HRAM                                    (abs)        000000
__Habs1                                   abs1         000000
__Hbank0                                  bank0        000000
__Hbank1                                  bank1        000000
__Hbank10                                 bank10       000000
__Hbank11                                 bank11       000000
__Hbank12                                 bank12       000000
__Hbank13                                 bank13       000000
__Hbank14                                 bank14       000000
__Hbank15                                 bank15       000000
__Hbank2                                  bank2        000000
__Hbank3                                  bank3        000000
__Hbank4                                  bank4        000000
__Hbank5                                  bank5        000000
__Hbank6                                  bank6        000000
__Hbank7                                  bank7        000000
__Hbank8                                  bank8        000000
__Hbank9                                  bank9        000000
__Hbigbss                                 bigbss       000000
__Hbigdata                                bigdata      000000
__Hbigram                                 bigram       000000
__Hbigsfr                                 bigsfr       000000
__Hbss                                    bss          000000
__HbssCOMRAM                              bssCOMRAM    000000
__Hcinit                                  cinit        000000
__Hclrtext                                clrtext      000000
__Hcomram                                 comram       000000
__Hconfig                                 config       30000E
__Hconst                                  const        000000
__HcstackCOMRAM                           cstackCOMRAM 000000
__Hdata                                   data         000000
__HdataCOMRAM                             dataCOMRAM   000000
__Heeprom_data                            eeprom_data  000000
__Hfarbss                                 farbss       000000
__Hfardata                                fardata      000000
__Hheap                                   heap         000000
__Hibigdata                               ibigdata     000000
__Hidata                                  idata        000000
__HidataCOMRAM                            idataCOMRAM  000000
__Hidloc                                  idloc        200008
__Hifardata                               ifardata     000000
__Hinit                                   init         000012
__Hintcode                                intcode      00000E
__Hintcode_body                           intcode_body 000000
__Hintcodelo                              intcodelo    00000E
__Hintentry                               intentry     000000
__Hintret                                 intret       000000
__Hintsave_regs                           intsave_regs 000000
__Hirdata                                 irdata       000000
__Hmediumconst                            mediumconst  000000
__HnvFARRAM                               nvFARRAM     000000
__Hnvbit                                  nvbit        000000
__Hnvrram                                 nvrram       000000
__Hparam                                  rparam       000000
__Hpowerup                                powerup      00000E
__Hram                                    ram          000000
__Hramtop                                 ramtop       001000
__Hrbit                                   rbit         000000
__Hrbss                                   rbss         000000
__Hrdata                                  rdata        000000
__Hreset_vec                              reset_vec    000004
__Hrparam                                 rparam       000000
__Hsfr                                    sfr          000000
__Hsmallconst                             smallconst   001016
__Hspace_0                                (abs)        001AEE
__Hspace_1                                (abs)        00007A
__Hspace_2                                (abs)        000000
__Hspace_4                                (abs)        60000E
__Hstack                                  stack        000000
__Hstruct                                 struct       000000
__Htemp                                   temp         00007A
__Htext                                   text         000000
__Htext0                                  text0        000000
__Htext1                                  text1        000000
__Htext10                                 text10       000000
__Htext11                                 text11       000000
__Htext13                                 text13       000000
__Htext14                                 text14       000000
__Htext15                                 text15       000000
__Htext16                                 text16       000000
__Htext17                                 text17       000000
__Htext18                                 text18       000000
__Htext19                                 text19       000000
__Htext2                                  text2        000000
__Htext20                                 text20       000000
__Htext21                                 text21       000000
__Htext22                                 text22       000000
__Htext23                                 text23       000000
__Htext3                                  text3        000000
__Htext4                                  text4        000000
__Htext5                                  text5        000000
__Htext6                                  text6        000000
__Htext7                                  text7        000000
__Htext8                                  text8        000000
__Htext9                                  text9        000000
__LRAM                                    (abs)        000001
__Labs1                                   abs1         000000
__Lbank0                                  bank0        000000
__Lbank1                                  bank1        000000
__Lbank10                                 bank10       000000
__Lbank11                                 bank11       000000
__Lbank12                                 bank12       000000
__Lbank13                                 bank13       000000
__Lbank14                                 bank14       000000
__Lbank15                                 bank15       000000
__Lbank2                                  bank2        000000
__Lbank3                                  bank3        000000
__Lbank4                                  bank4        000000
__Lbank5                                  bank5        000000
__Lbank6                                  bank6        000000
__Lbank7                                  bank7        000000
__Lbank8                                  bank8        000000
__Lbank9                                  bank9        000000
__Lbigbss                                 bigbss       000000
__Lbigdata                                bigdata      000000
__Lbigram                                 bigram       000000
__Lbigsfr                                 bigsfr       000000
__Lbss                                    bss          000000
__LbssCOMRAM                              bssCOMRAM    000000
__Lcinit                                  cinit        000000
__Lclrtext                                clrtext      000000
__Lcomram                                 comram       000000
__Lconfig                                 config       000000
__Lconst                                  const        000000
__LcstackCOMRAM                           cstackCOMRAM 000000
__Ldata                                   data         000000
__LdataCOMRAM                             dataCOMRAM   000000
__Leeprom_data                            eeprom_data  000000
__Lfarbss                                 farbss       000000
__Lfardata                                fardata      000000
__Lheap                                   heap         000000
__Libigdata                               ibigdata     000000
__Lidata                                  idata        000000
__LidataCOMRAM                            idataCOMRAM  000000
__Lidloc                                  idloc        000000
__Lifardata                               ifardata     000000
__Linit                                   init         00000E
__Lintcode                                intcode      000008
__Lintcode_body                           intcode_body 000000
__Lintcodelo                              intcodelo    00000E
__Lintentry                               intentry     000000
__Lintret                                 intret       000000
__Lintsave_regs                           intsave_regs 000000
__Lirdata                                 irdata       000000
__Lmediumconst                            mediumconst  000000
__LnvFARRAM                               nvFARRAM     000000
__Lnvbit                                  nvbit        000000
__Lnvrram                                 nvrram       000000
__Lparam                                  rparam       000000
__Lpowerup                                powerup      00000E
__Lram                                    ram          000000
__Lramtop                                 ramtop       001000
__Lrbit                                   rbit         000000
__Lrbss                                   rbss         000000
__Lrdata                                  rdata        000000
__Lreset_vec                              reset_vec    000000
__Lrparam                                 rparam       000000
__Lsfr                                    sfr          000000
__Lsmallconst                             smallconst   001000
__Lspace_0                                (abs)        000000
__Lspace_1                                (abs)        000000
__Lspace_2                                (abs)        000000
__Lspace_4                                (abs)        000000
__Lstack                                  stack        000000
__Lstruct                                 struct       000000
__Ltemp                                   temp         000079
__Ltext                                   text         000000
__Ltext0                                  text0        000000
__Ltext1                                  text1        000000
__Ltext10                                 text10       000000
__Ltext11                                 text11       000000
__Ltext13                                 text13       000000
__Ltext14                                 text14       000000
__Ltext15                                 text15       000000
__Ltext16                                 text16       000000
__Ltext17                                 text17       000000
__Ltext18                                 text18       000000
__Ltext19                                 text19       000000
__Ltext2                                  text2        000000
__Ltext20                                 text20       000000
__Ltext21                                 text21       000000
__Ltext22                                 text22       000000
__Ltext23                                 text23       000000
__Ltext3                                  text3        000000
__Ltext4                                  text4        000000
__Ltext5                                  text5        000000
__Ltext6                                  text6        000000
__Ltext7                                  text7        000000
__Ltext8                                  text8        000000
__Ltext9                                  text9        000000
__S0                                      (abs)        001AEE
__S1                                      (abs)        00007A
__S4                                      (abs)        000000
__S5                                      (abs)        000000
___heap_hi                                (abs)        000000
___heap_lo                                (abs)        000000
___inthi_sp                               stack        000000
___intlo_sp                               stack        000000
___param_bank                             (abs)        000000
___rparam_used                            (abs)        000001
___sp                                     stack        000000
__accesstop                               (abs)        000080
__activetblptr                            (abs)        000003
__end_of_ADC_ISR                          text22       001AEE
__end_of_INT0_ISR                         text21       001AEA
__end_of_INT1_ISR                         text20       001AE6
__end_of_INT2_ISR                         text19       001AE2
__end_of_InterruptManager                 intcode_body 0012EC
__end_of_RB4_ISR                          text18       001AD8
__end_of_RB5_ISR                          text17       001ABE
__end_of_RB6_ISR                          text16       001AA4
__end_of_RB7_ISR                          text15       001A8A
__end_of_TMR0_ISR                         text13       001A70
__end_of_Timer0_DefaultInterruptHandler   text14       001ADE
__end_of_Timer0_Init                      text8        001600
__end_of_Timer0_Mode_Select               text11       001790
__end_of_Timer0_Prescaler_Config          text10       001942
__end_of_Timer0_Register_Size_Config      text9        0019CC
__end_of__initialization                  cinit        001A30
__end_of_btn_values                       smallconst   001011
__end_of_gpio_pin_direction_initialize    text7        001430
__end_of_gpio_pin_initialize              text5        0018EA
__end_of_gpio_pin_toggle_logic            text2        001692
__end_of_gpio_pin_write_logic             text6        00155C
__end_of_led_initialize                   text4        00180C
__end_of_led_turn_on                      text3        001712
__end_of_led_turn_toggle                  text1        00187E
__end_of_main                             text0        00198E
__initialization                          cinit        001A04
__mediumconst                             mediumconst  000000
__pbssCOMRAM                              bssCOMRAM    000039
__pcinit                                  cinit        001A04
__pcstackCOMRAM                           cstackCOMRAM 000063
__pdataCOMRAM                             dataCOMRAM   000001
__pidataCOMRAM                            idataCOMRAM  0019CC
__pintcode                                intcode      000008
__pintcode_body                           intcode_body 001016
__psmallconst                             smallconst   001000
__ptext0                                  text0        001942
__ptext1                                  text1        00180C
__ptext10                                 text10       0018EA
__ptext11                                 text11       001712
__ptext13                                 text13       001A3A
__ptext14                                 text14       001AD8
__ptext15                                 text15       001A70
__ptext16                                 text16       001A8A
__ptext17                                 text17       001AA4
__ptext18                                 text18       001ABE
__ptext19                                 text19       001ADE
__ptext2                                  text2        001600
__ptext20                                 text20       001AE2
__ptext21                                 text21       001AE6
__ptext22                                 text22       001AEA
__ptext23                                 text23       000000
__ptext3                                  text3        001692
__ptext4                                  text4        001790
__ptext5                                  text5        00187E
__ptext6                                  text6        001430
__ptext7                                  text7        0012EC
__ptext8                                  text8        00155C
__ptext9                                  text9        00198E
__ramtop                                  ramtop       001000
__smallconst                              smallconst   001000
_gpio_pin_direction_initialize            text7        0012EC
_gpio_pin_initialize                      text5        00187E
_gpio_pin_toggle_logic                    text2        001600
_gpio_pin_write_logic                     text6        001430
_keypad1                                  dataCOMRAM   00001F
_lat_registers                            dataCOMRAM   00000B
_lcd_1                                    dataCOMRAM   000027
_led1                                     dataCOMRAM   000038
_led_initialize                           text4        001790
_led_turn_on                              text3        001692
_led_turn_toggle                          text1        00180C
_main                                     text0        001942
_port_registers                           dataCOMRAM   000001
_timer0                                   dataCOMRAM   000031
_timer0_1000ms                            bssCOMRAM    00005B
_timer0_preload                           bssCOMRAM    00003F
_tris_registers                           dataCOMRAM   000015
btemp                                     temp         000079
end_of_initialization                     cinit        001A30
gpio_pin_direction_initialize@_pin_config cstackCOMRAM 000066
gpio_pin_direction_initialize@ret         cstackCOMRAM 00006E
gpio_pin_initialize@_pin_config           cstackCOMRAM 000070
gpio_pin_initialize@ret                   cstackCOMRAM 000073
gpio_pin_toggle_logic@_pin_config         cstackCOMRAM 000066
gpio_pin_write_logic@_pin_config          cstackCOMRAM 000066
gpio_pin_write_logic@logic                cstackCOMRAM 000068
gpio_pin_write_logic@ret                  cstackCOMRAM 00006F
int$flags                                 temp         000079
int_func                                  intcode_body 001016
intlevel0                                 text         000000
intlevel1                                 text         000000
intlevel2                                 text         000000
intlevel3                                 text         000000
isa$std                                   (abs)        000001
isa$xinst                                 (abs)        000000
led_initialize@F3045                      bssCOMRAM    000062
led_initialize@led                        cstackCOMRAM 000074
led_initialize@pin_0bj                    cstackCOMRAM 000078
led_initialize@ret                        cstackCOMRAM 000077
led_turn_off@F3055                        bssCOMRAM    000060
led_turn_on@F3050                         bssCOMRAM    000061
led_turn_on@led                           cstackCOMRAM 000070
led_turn_on@pin_0bj                       cstackCOMRAM 000074
led_turn_on@ret                           cstackCOMRAM 000073
led_turn_toggle@F3060                     bssCOMRAM    00005F
led_turn_toggle@led                       cstackCOMRAM 00006D
led_turn_toggle@pin_0bj                   cstackCOMRAM 000070
relay_initialize@F3039                    bssCOMRAM    00005E
relay_off@F3049                           bssCOMRAM    00005C
relay_on@F3044                            bssCOMRAM    00005D
stackhi                                   (abs)        000000
stacklo                                   (abs)        000000
start                                     init         00000E
start_initialization                      cinit        001A04
ttemp5                                    temp         00007A
ttemp6                                    temp         00007D
ttemp7                                    temp         000081
wtemp8                                    temp         00007A


MODULE INFORMATION

Module		Function		Class		Link	Load	Size
MCAL_layer/Interrupt/mcal_interrupt_manager.c
		_InterruptManager		CODE           	0008	0000	732

MCAL_layer/Interrupt/mcal_interrupt_manager.c estimated size: 732

MCAL_layer/Interrupt/mcal_external_interrupt.c
		_RB4_ISR       		CODE           	1ABE	0000	26
		_RB5_ISR       		CODE           	1AA4	0000	26
		_RB6_ISR       		CODE           	1A8A	0000	26
		_RB7_ISR       		CODE           	1A70	0000	26
		_INT0_ISR      		CODE           	1AE6	0000	4
		_INT1_ISR      		CODE           	1AE2	0000	4
		_INT2_ISR      		CODE           	1ADE	0000	4

MCAL_layer/Interrupt/mcal_external_interrupt.c estimated size: 116

MCAL_layer/GPIO/hal_gpio.c
		_gpio_pin_write_logic		CODE           	1430	0000	300
		_gpio_pin_direction_initialize		CODE           	12EC	0000	324
		_gpio_pin_toggle_logic		CODE           	1600	0000	146
		_gpio_pin_initialize		CODE           	187E	0000	108

MCAL_layer/GPIO/hal_gpio.c estimated size: 878

MCAL_layer/ADC/hal_adc.c
		_ADC_ISR       		CODE           	1AEA	0000	4

MCAL_layer/ADC/hal_adc.c estimated size: 4

shared
		_btn_values    		SMALLCONST     	0000	0000	0
		__initialization		CODE           	1A04	0000	44

shared estimated size: 44

ECU_layer/LED/ecu_led.c
		_led_turn_toggle		CODE           	180C	0000	114
		_led_initialize		CODE           	1790	0000	124
		_led_turn_on   		CODE           	1692	0000	128

ECU_layer/LED/ecu_led.c estimated size: 366

MCAL_layer/Timer0/hal_timer0.c
		_Timer0_Register_Size_Config		CODE           	198E	0000	62
		_Timer0_Init   		CODE           	155C	0000	164
		_Timer0_Prescaler_Config		CODE           	18EA	0000	88
		_Timer0_Mode_Select		CODE           	1712	0000	126
		_TMR0_ISR      		CODE           	1A3A	0000	54

MCAL_layer/Timer0/hal_timer0.c estimated size: 494

application.c
		_Timer0_DefaultInterruptHandler		CODE           	1AD8	0000	6
		_main          		CODE           	1942	0000	76

application.c estimated size: 82

