Microchip MPLAB XC8 Compiler V2.40

Linker command line:

-W-3 \
  --edf=C:\Program Files\Microchip\xc8\v2.40\pic\dat\20220703182018_en.msgs \
  -cn -h+dist/default/production\SmartHome.X.production.sym \
  --cmf=dist/default/production\SmartHome.X.production.cmf -z -Q18F46K20 \
  -oC:\Users\lenovo\AppData\Local\Temp\xcAsm9k.4 --defsym=__MPLAB_BUILD=1 \
  --fixupoverflow=error \
  -Mdist/default/production/SmartHome.X.production.map \
  --md=C:\Users\lenovo\AppData\Local\Temp\xcAsm9k.dat -E1 -ver=XC8 Compiler \
  --acfsm=1493 -ACODE=00h-0FFFFh -ACONST=00h-0FFFFh \
  -ASMALLCONST=01000h-010FFhx240 -AMEDIUMCONST=01000h-0FFFFh \
  -ACOMRAM=01h-05Fh -AABS1=00h-0F5Fh -ABIGRAM=01h-0F5Fh \
  -ARAM=060h-0FFh,0100h-01FFhx14,0F00h-0F5Fh -ABANK0=060h-0FFh \
  -ABANK1=0100h-01FFh -ABANK2=0200h-02FFh -ABANK3=0300h-03FFh \
  -ABANK4=0400h-04FFh -ABANK5=0500h-05FFh -ABANK6=0600h-06FFh \
  -ABANK7=0700h-07FFh -ABANK8=0800h-08FFh -ABANK9=0900h-09FFh \
  -ABANK10=0A00h-0AFFh -ABANK11=0B00h-0BFFh -ABANK12=0C00h-0CFFh \
  -ABANK13=0D00h-0DFFh -ABANK14=0E00h-0EFFh -ABANK15=0F00h-0F5Fh \
  -ASFR=0F60h-0FFFh -ABIGSFR=0F60h-0FFFh -ACONFIG=0300000h-030000Dh \
  -AIDLOC=0200000h-0200007h -AEEDATA=0F00000h-0F003FFh -peeprom_data=EEDATA \
  -preset_vec=00h,intcode=08h,intcodelo,powerup,init -pramtop=01000h \
  -psmallconst=SMALLCONST -pmediumconst=MEDIUMCONST -pconst=CONST \
  -AFARRAM=00h-00h \
  -prdata=COMRAM,nvrram=COMRAM,nvbit=COMRAM,rbss=COMRAM,rbit=COMRAM \
  -pfarbss=FARRAM,fardata=FARRAM,nvFARRAM=FARRAM \
  -pintsave_regs=BIGRAM,bigbss=BIGRAM,bigdata=BIGRAM -pbss=RAM \
  -pidata=CODE,irdata=CODE,ibigdata=CODE,ifardata=CODE -prparam=COMRAM \
  C:\Users\lenovo\AppData\Local\Temp\xcAsm9k.o \
  dist/default/production\SmartHome.X.production.o 

Object code version is 3.11

Machine type is 18F46K20



                Name                               Link     Load   Length Selector   Space Scale
C:\Users\lenovo\AppData\Local\Temp\xcAsm9k.o
                idloc                            200000   200000        8        0       5
                config                           300000   300000        E        0       4
                init                                 C4       C4        4        4       0
                reset_vec                             0        0        4        0       0
dist/default/production\SmartHome.X.production.o
                intcode                               8        8       BC        4       0
                idloc                            200000   200000        8        0       5
                config                           300000   300000        E        0       4
                temp                                 4D       4D        1        1       1
                smallconst                         1000     1000       3A      800       0
                text71                             1B7C     1B7C        4      81D       0
                text70                             1B78     1B78        4      81D       0
                text69                             1996     1996       22      81D       0
                text68                             145E     145E       7A      81D       0
                text67                             1A18     1A18       18      81D       0
                text66                             1904     1904       2C      81D       0
                text65                             18D8     18D8       2C      81D       0
                text64                             18AC     18AC       2C      81D       0
                text63                             1880     1880       2C      81D       0
                text62                             17E2     17E2       40      81D       0
                text61                             1B74     1B74        4      81D       0
                text60                             1B70     1B70        4      81D       0
                text59                             1B6C     1B6C        4      81D       0
                text58                             1B42     1B42        6      81D       0
                text57                             1B68     1B68        4      81D       0
                text56                             1B3C     1B3C        6      81D       0
                text55                             1B2E     1B2E        8      81D       0
                text54                             1A70     1A70       14      81D       0
                text53                             1B64     1B64        4      81D       0
                text52                             13E4     13E4       7A      81D       0
                text51                             1AE4     1AE4        A      81D       0
                text50                             1A84     1A84        E      81D       0
                text49                             1A92     1A92        C      81D       0
                text48                             103A     103A       BE      81D       0
                text47                             119E     119E       A4      81D       0
                text46                             1ADA     1ADA        A      81D       0
                text45                             1B26     1B26        8      81D       0
                text44                             1B1E     1B1E        8      81D       0
                text43                             1B16     1B16        8      81D       0
                text42                             1B0E     1B0E        8      81D       0
                text41                             1B06     1B06        8      81D       0
                text40                             1AFE     1AFE        8      81D       0
                text39                             1AF6     1AF6        8      81D       0
                text38                             1AD0     1AD0        A      81D       0
                text37                             1698     1698       64      81D       0
                text36                             1B60     1B60        4      81D       0
                text35                             1630     1630       68      81D       0
                text34                             1B36     1B36        6      81D       0
                text32                             1B5C     1B5C        4      81D       0
                text31                             1B58     1B58        4      81D       0
                text30                             1B54     1B54        4      81D       0
                text29                             1852     1852       2E      81D       0
                text28                             1B50     1B50        4      81D       0
                text27                             179E     179E       44      81D       0
                text26                             1AEE     1AEE        8      81D       0
                text25                             1B4C     1B4C        4      81D       0
                text24                             1974     1974       22      81D       0
                text23                             1AC6     1AC6        A      81D       0
                text22                             1242     1242       A2      81D       0
                text21                             1366     1366       7E      81D       0
                text20                             1A00     1A00       18      81D       0
                text19                             1952     1952       22      81D       0
                text18                             19E8     19E8       18      81D       0
                text17                             12E4     12E4       82      81D       0
                text16                             19D0     19D0       18      81D       0
                text15                             1550     1550       78      81D       0
                text14                             1A46     1A46       16      81D       0
                text13                             19B8     19B8       18      81D       0
                text12                             16FC     16FC       5E      81D       0
                text11                             10F8     10F8       A6      81D       0
                text10                             15C8     15C8       68      81D       0
                text9                              1ABC     1ABC        A      81D       0
                text8                              1AB2     1AB2        A      81D       0
                text7                              1AA8     1AA8        A      81D       0
                text6                              175A     175A       44      81D       0
                text5                              1A5C     1A5C       14      81D       0
                text4                              1B48     1B48        4      81D       0
                text3                              1A9E     1A9E        A      81D       0
                text2                              1822     1822       30      81D       0
                text1                              1A30     1A30       16      81D       0
                text0                              14D8     14D8       78      81D       0
                cstackCOMRAM                         30       30       19        1       1
                cstackBANK0                          78       78       12       60       1
                bssBANK0                             60       60       18       60       1
                bssCOMRAM                             1        1       2F        1       1
                cinit                              1930     1930       22      81D       0
                nvBANK0                              8A       8A        2       60       1
                nvCOMRAM                             49       49        4        1       1

TOTAL           Name                               Link     Load   Length     Space
        CLASS   CODE           
                intcode                               8        8       BC         0
                init                                 C4       C4        4         0
                reset_vec                             0        0        4         0
                text71                             1B7C     1B7C        4         0
                text70                             1B78     1B78        4         0
                text69                             1996     1996       22         0
                text68                             145E     145E       7A         0
                text67                             1A18     1A18       18         0
                text66                             1904     1904       2C         0
                text65                             18D8     18D8       2C         0
                text64                             18AC     18AC       2C         0
                text63                             1880     1880       2C         0
                text62                             17E2     17E2       40         0
                text61                             1B74     1B74        4         0
                text60                             1B70     1B70        4         0
                text59                             1B6C     1B6C        4         0
                text58                             1B42     1B42        6         0
                text57                             1B68     1B68        4         0
                text56                             1B3C     1B3C        6         0
                text55                             1B2E     1B2E        8         0
                text54                             1A70     1A70       14         0
                text53                             1B64     1B64        4         0
                text52                             13E4     13E4       7A         0
                text51                             1AE4     1AE4        A         0
                text50                             1A84     1A84        E         0
                text49                             1A92     1A92        C         0
                text48                             103A     103A       BE         0
                text47                             119E     119E       A4         0
                text46                             1ADA     1ADA        A         0
                text45                             1B26     1B26        8         0
                text44                             1B1E     1B1E        8         0
                text43                             1B16     1B16        8         0
                text42                             1B0E     1B0E        8         0
                text41                             1B06     1B06        8         0
                text40                             1AFE     1AFE        8         0
                text39                             1AF6     1AF6        8         0
                text38                             1AD0     1AD0        A         0
                text37                             1698     1698       64         0
                text36                             1B60     1B60        4         0
                text35                             1630     1630       68         0
                text34                             1B36     1B36        6         0
                text32                             1B5C     1B5C        4         0
                text31                             1B58     1B58        4         0
                text30                             1B54     1B54        4         0
                text29                             1852     1852       2E         0
                text28                             1B50     1B50        4         0
                text27                             179E     179E       44         0
                text26                             1AEE     1AEE        8         0
                text25                             1B4C     1B4C        4         0
                text24                             1974     1974       22         0
                text23                             1AC6     1AC6        A         0
                text22                             1242     1242       A2         0
                text21                             1366     1366       7E         0
                text20                             1A00     1A00       18         0
                text19                             1952     1952       22         0
                text18                             19E8     19E8       18         0
                text17                             12E4     12E4       82         0
                text16                             19D0     19D0       18         0
                text15                             1550     1550       78         0
                text14                             1A46     1A46       16         0
                text13                             19B8     19B8       18         0
                text12                             16FC     16FC       5E         0
                text11                             10F8     10F8       A6         0
                text10                             15C8     15C8       68         0
                text9                              1ABC     1ABC        A         0
                text8                              1AB2     1AB2        A         0
                text7                              1AA8     1AA8        A         0
                text6                              175A     175A       44         0
                text5                              1A5C     1A5C       14         0
                text4                              1B48     1B48        4         0
                text3                              1A9E     1A9E        A         0
                text2                              1822     1822       30         0
                text1                              1A30     1A30       16         0
                text0                              14D8     14D8       78         0
                cinit                              1930     1930       22         0

        CLASS   CONST          

        CLASS   SMALLCONST     
                smallconst                         1000     1000       3A         0

        CLASS   MEDIUMCONST    

        CLASS   COMRAM         
                temp                                 4D       4D        1         1
                cstackCOMRAM                         30       30       19         1
                bssCOMRAM                             1        1       2F         1
                nvCOMRAM                             49       49        4         1

        CLASS   ABS1           

        CLASS   BIGRAM         

        CLASS   RAM            

        CLASS   BANK0          
                cstackBANK0                          78       78       12         1
                bssBANK0                             60       60       18         1
                nvBANK0                              8A       8A        2         1

        CLASS   BANK1          

        CLASS   BANK2          

        CLASS   BANK3          

        CLASS   BANK4          

        CLASS   BANK5          

        CLASS   BANK6          

        CLASS   BANK7          

        CLASS   BANK8          

        CLASS   BANK9          

        CLASS   BANK10         

        CLASS   BANK11         

        CLASS   BANK12         

        CLASS   BANK13         

        CLASS   BANK14         

        CLASS   BANK15         

        CLASS   SFR            

        CLASS   BIGSFR         

        CLASS   CONFIG         
                config                           300000   300000        E         4

        CLASS   IDLOC          
                idloc                            200000   200000        8         5

        CLASS   EEDATA         

        CLASS   FARRAM         

        CLASS   HEAP           

        CLASS   STACK          



SEGMENTS        Name                           Load    Length   Top    Selector   Space  Class

                reset_vec                      000000  000004  000004         0       0  CODE    
                bssCOMRAM                      000001  00004D  00004E         1       1  COMRAM  
                intcode                        000008  0000C0  0000C8         4       0  CODE    
                bssBANK0                       000060  00002C  00008C        60       1  BANK0   
                smallconst                     001000  00003A  00103A       800       0  SMALLCON
                text48                         00103A  000B46  001B80       81D       0  CODE    


UNUSED ADDRESS RANGES

        Name                Unused          Largest block    Delta
        BANK0            00008C-0000FF               74
        BANK1            000100-0001FF              100
        BANK10           000A00-000AFF              100
        BANK11           000B00-000BFF              100
        BANK12           000C00-000CFF              100
        BANK13           000D00-000DFF              100
        BANK14           000E00-000EFF              100
        BANK15           000F00-000F5F               60
        BANK2            000200-0002FF              100
        BANK3            000300-0003FF              100
        BANK4            000400-0004FF              100
        BANK5            000500-0005FF              100
        BANK6            000600-0006FF              100
        BANK7            000700-0007FF              100
        BANK8            000800-0008FF              100
        BANK9            000900-0009FF              100
        BIGRAM           00004E-00005F               12
                         00008C-000F5F              ED4
        BIGSFR           000F60-000FFF               A0
        CODE             000004-000007                4
                         0000C8-000FFF              F38
                         001B80-00FFFF             E480
        COMRAM           00004E-00005F               12
        CONST            000004-000007                4
                         0000C8-000FFF              F38
                         001B80-00FFFF             E480
        EEDATA           F00000-F003FF              400
        MEDIUMCONST      001B80-00FFFF             E480
        RAM              00008C-000F5F              100
        SFR              000F60-000FFF               A0
        SMALLCONST       001B80-00FFFF              100

                                  Symbol Table

?_RealTimeClockDS1307_Get_Date_Time               cstackBANK0  000084
EEPROM_24C02C_Read_Byte@Byte_Address              cstackBANK0  000084
EEPROM_24C02C_Read_Byte@EEPROM_Address            cstackBANK0  000085
EEPROM_24C02C_Read_Byte@RecValue                  cstackBANK0  000086
EEPROM_24C02C_Write_Byte@Byte_Address             cstackBANK0  000084
EEPROM_24C02C_Write_Byte@Data                     cstackBANK0  000085
EEPROM_24C02C_Write_Byte@EEPROM_Address           cstackBANK0  000086
EUSART_SetErrorHandler@interruptHandler           cstackBANK0  000078
EUSART_SetFramingErrorHandler@interruptHandler    cstackBANK0  000078
EUSART_SetOverrunErrorHandler@interruptHandler    cstackBANK0  000078
EUSART_Write@txData                               cstackBANK0  000078
I2C_CallbackReturnReset@funPtr                    cstackCOMRAM 000039
I2C_Close@returnValue                             cstackBANK0  000078
I2C_MasterOperation@read                          cstackBANK0  000078
I2C_MasterOperation@returnValue                   cstackBANK0  000079
I2C_MasterSendTxData@data                         cstackCOMRAM 000030
I2C_Open@address                                  cstackBANK0  00007A
I2C_Open@returnValue                              cstackBANK0  00007B
I2C_Read1ByteRegister@address                     cstackBANK0  000082
I2C_Read1ByteRegister@reg                         cstackBANK0  000081
I2C_Read1ByteRegister@returnValue                 cstackBANK0  000083
I2C_SetAddressNackCallback@cb                     cstackBANK0  00007D
I2C_SetAddressNackCallback@ptr                    cstackBANK0  00007F
I2C_SetBuffer@buffer                              cstackBANK0  000078
I2C_SetBuffer@bufferSize                          cstackBANK0  00007A
I2C_SetCallback@cb                                cstackBANK0  000078
I2C_SetCallback@idx                               cstackBANK0  00007C
I2C_SetCallback@ptr                               cstackBANK0  00007A
I2C_SetDataCompleteCallback@cb                    cstackBANK0  00007D
I2C_SetDataCompleteCallback@ptr                   cstackBANK0  00007F
I2C_SetInterruptHandler@InterruptHandler          cstackBANK0  000078
I2C_Write1ByteRegister@address                    cstackBANK0  000083
I2C_Write1ByteRegister@data                       cstackBANK0  000082
I2C_Write1ByteRegister@reg                        cstackBANK0  000081
UART_LoggingDebugData_Send_String@String          cstackBANK0  000079
UART_LoggingDebugData_Send_String@String_Length   cstackBANK0  00007B
UART_LoggingDebugData_Send_String@l_String_Length cstackBANK0  00007D
_ANSEL                                            (abs)        000F7E
_ANSELH                                           (abs)        000F7F
_BAUDCON                                          (abs)        000FB8
_EEADR                                            (abs)        000FA9
_EEADRH                                           (abs)        000FAA
_EECON1bits                                       (abs)        000FA6
_EECON2                                           (abs)        000FA7
_EEDATA                                           (abs)        000FA8
_EEPROM_24C02C_Read_Byte                          text16       0019D0
_EEPROM_24C02C_Write_Byte                         text14       001A46
_EUSART_DefaultErrorHandler                       (abs)        000000
_EUSART_DefaultFramingErrorHandler                (abs)        000000
_EUSART_DefaultOverrunErrorHandler                (abs)        000000
_EUSART_ErrorHandler                              nvBANK0      00008A
_EUSART_FramingErrorHandler                       nvCOMRAM     00004B
_EUSART_Initialize                                text6        00175A
_EUSART_OverrunErrorHandler                       nvCOMRAM     000049
_EUSART_SetErrorHandler                           text9        001ABC
_EUSART_SetFramingErrorHandler                    text8        001AB2
_EUSART_SetOverrunErrorHandler                    text7        001AA8
_EUSART_Write                                     text13       0019B8
_I2C_CallbackReturnReset                          text60       001B70
_I2C_CallbackReturnStop                           text61       001B74
_I2C_Close                                        text29       001852
_I2C_DO_ADDRESS_NACK                              text37       001698
_I2C_DO_IDLE                                      text51       001AE4
_I2C_DO_RCEN                                      text46       001ADA
_I2C_DO_RESET                                     text38       001AD0
_I2C_DO_RX                                        text47       00119E
_I2C_DO_RX_ACK                                    text41       001B06
_I2C_DO_RX_NACK_RESTART                           text39       001AF6
_I2C_DO_RX_NACK_STOP                              text40       001AFE
_I2C_DO_SEND_ADR_READ                             text50       001A84
_I2C_DO_SEND_ADR_WRITE                            text49       001A92
_I2C_DO_SEND_RESTART                              text43       001B16
_I2C_DO_SEND_RESTART_READ                         text45       001B26
_I2C_DO_SEND_RESTART_WRITE                        text44       001B1E
_I2C_DO_SEND_STOP                                 text42       001B0E
_I2C_DO_TX                                        text48       00103A
_I2C_DO_TX_EMPTY                                  text52       0013E4
_I2C_Initialize                                   text5        001A5C
_I2C_MasterClearIrq                               text32       001B5C
_I2C_MasterClose                                  text31       001B58
_I2C_MasterDisableIrq                             text30       001B54
_I2C_MasterEnableIrq                              text25       001B4C
_I2C_MasterEnableRestart                          text71       001B7C
_I2C_MasterFsm                                    text35       001630
_I2C_MasterGetRxData                              text57       001B68
_I2C_MasterIsNack                                 text54       001A70
_I2C_MasterIsr                                    text34       001B36
_I2C_MasterOpen                                   text24       001974
_I2C_MasterOperation                              text27       00179E
_I2C_MasterSendAck                                text56       001B3C
_I2C_MasterSendNack                               text58       001B42
_I2C_MasterSendTxData                             text55       001B2E
_I2C_MasterSetIrq                                 text53       001B64
_I2C_MasterStart                                  text28       001B50
_I2C_MasterStartRx                                text59       001B6C
_I2C_MasterStop                                   text70       001B78
_I2C_MasterWrite                                  text26       001AEE
_I2C_Open                                         text22       001242
_I2C_Read1ByteRegister                            text17       0012E4
_I2C_SetAddressNackCallback                       text20       001A00
_I2C_SetBuffer                                    text19       001952
_I2C_SetCallback                                  text21       001366
_I2C_SetDataCompleteCallback                      text18       0019E8
_I2C_SetInterruptHandler                          text23       001AC6
_I2C_Status                                       bssCOMRAM    000001
_I2C_Write1ByteRegister                           text15       001550
_INTCON2bits                                      (abs)        000FF1
_INTCONbits                                       (abs)        000FF2
_INTERRUPT_Initialize                             text4        001B48
_INTERRUPT_InterruptManager                       intcode      000008
_LATA                                             (abs)        000F89
_LATB                                             (abs)        000F8A
_LATC                                             (abs)        000F8B
_LATD                                             (abs)        000F8C
_LATE                                             (abs)        000F8D
_MSSP_InterruptHandler                            bssCOMRAM    00002B
_OSCCON                                           (abs)        000FD3
_OSCILLATOR_Initialize                            text3        001A9E
_OSCTUNE                                          (abs)        000F9B
_PIE1bits                                         (abs)        000F9D
_PIE2bits                                         (abs)        000FA0
_PIN_MANAGER_Initialize                           text2        001822
_PIR1bits                                         (abs)        000F9E
_PIR2bits                                         (abs)        000FA1
_Print_RealTimeClockDS1307                        text11       0010F8
_RCONbits                                         (abs)        000FD0
_RCREG                                            (abs)        000FAE
_RCSTA                                            (abs)        000FAB
_RCSTAbits                                        (abs)        000FAB
_RealTimeClockDS1307                              bssBANK0     000060
_RealTimeClockDS1307@RealTimeClockDS1307$F1653    bssCOMRAM    000025
_RealTimeClockDS1307_Get_Date_Time                text10       0015C8
_RealTimeClockDS1307_Pack                         bssBANK0     000066
_SPBRG                                            (abs)        000FAF
_SPBRGH                                           (abs)        000FB0
_SSPADD                                           (abs)        000FC8
_SSPBUF                                           (abs)        000FC9
_SSPCON1                                          (abs)        000FC6
_SSPCON1bits                                      (abs)        000FC6
_SSPCON2                                          (abs)        000FC5
_SSPCON2bits                                      (abs)        000FC5
_SSPSTAT                                          (abs)        000FC7
_SSPSTATbits                                      (abs)        000FC7
_SYSTEM_Initialize                                text1        001A30
_TABLAT                                           (abs)        000FF5
_TBLPTRH                                          (abs)        000FF7
_TBLPTRL                                          (abs)        000FF6
_TBLPTRU                                          (abs)        000FF8
_TRISA                                            (abs)        000F92
_TRISB                                            (abs)        000F93
_TRISC                                            (abs)        000F94
_TRISD                                            (abs)        000F95
_TRISE                                            (abs)        000F96
_TXREG                                            (abs)        000FAD
_TXSTA                                            (abs)        000FAC
_TXSTAbits                                        (abs)        000FAC
_U4RecValue                                       bssCOMRAM    00002E
_U5RecValue                                       bssCOMRAM    00002D
_UART_LoggingDebugData_Send_String                text12       0016FC
_WPUB                                             (abs)        000F7C
__HRAM                                            (abs)        000000
__Habs1                                           abs1         000000
__Hbank0                                          bank0        000000
__Hbank1                                          bank1        000000
__Hbank10                                         bank10       000000
__Hbank11                                         bank11       000000
__Hbank12                                         bank12       000000
__Hbank13                                         bank13       000000
__Hbank14                                         bank14       000000
__Hbank15                                         bank15       000000
__Hbank2                                          bank2        000000
__Hbank3                                          bank3        000000
__Hbank4                                          bank4        000000
__Hbank5                                          bank5        000000
__Hbank6                                          bank6        000000
__Hbank7                                          bank7        000000
__Hbank8                                          bank8        000000
__Hbank9                                          bank9        000000
__Hbigbss                                         bigbss       000000
__Hbigdata                                        bigdata      000000
__Hbigram                                         bigram       000000
__Hbigsfr                                         bigsfr       000000
__Hbss                                            bss          000000
__HbssBANK0                                       bssBANK0     000000
__HbssCOMRAM                                      bssCOMRAM    000000
__Hcinit                                          cinit        000000
__Hclrtext                                        clrtext      000000
__Hcomram                                         comram       000000
__Hconfig                                         config       30000E
__Hconst                                          const        000000
__HcstackBANK0                                    cstackBANK0  000000
__HcstackCOMRAM                                   cstackCOMRAM 000000
__Hdata                                           data         000000
__Heeprom_data                                    eeprom_data  000000
__Hfarbss                                         farbss       000000
__Hfardata                                        fardata      000000
__Hheap                                           heap         000000
__Hibigdata                                       ibigdata     000000
__Hidata                                          idata        000000
__Hidloc                                          idloc        200008
__Hifardata                                       ifardata     000000
__Hinit                                           init         0000C8
__Hintcode                                        intcode      0000C4
__Hintcode_body                                   intcode_body 000000
__Hintcodelo                                      intcodelo    0000C4
__Hintentry                                       intentry     000000
__Hintret                                         intret       000000
__Hintsave_regs                                   intsave_regs 000000
__Hirdata                                         irdata       000000
__Hmediumconst                                    mediumconst  000000
__HnvBANK0                                        nvBANK0      000000
__HnvCOMRAM                                       nvCOMRAM     000000
__HnvFARRAM                                       nvFARRAM     000000
__Hnvbit                                          nvbit        000000
__Hnvrram                                         nvrram       000000
__Hparam                                          rparam       000000
__Hpowerup                                        powerup      0000C4
__Hram                                            ram          000000
__Hramtop                                         ramtop       001000
__Hrbit                                           rbit         000000
__Hrbss                                           rbss         000000
__Hrdata                                          rdata        000000
__Hreset_vec                                      reset_vec    000004
__Hrparam                                         rparam       000000
__Hsfr                                            sfr          000000
__Hsmallconst                                     smallconst   00103A
__Hspace_0                                        (abs)        001B80
__Hspace_1                                        (abs)        00008C
__Hspace_2                                        (abs)        000000
__Hspace_4                                        (abs)        60000E
__Hstack                                          stack        000000
__Hstruct                                         struct       000000
__Htemp                                           temp         00004E
__Htext                                           text         000000
__Htext0                                          text0        000000
__Htext1                                          text1        000000
__Htext10                                         text10       000000
__Htext11                                         text11       000000
__Htext12                                         text12       000000
__Htext13                                         text13       000000
__Htext14                                         text14       000000
__Htext15                                         text15       000000
__Htext16                                         text16       000000
__Htext17                                         text17       000000
__Htext18                                         text18       000000
__Htext19                                         text19       000000
__Htext2                                          text2        000000
__Htext20                                         text20       000000
__Htext21                                         text21       000000
__Htext22                                         text22       000000
__Htext23                                         text23       000000
__Htext24                                         text24       000000
__Htext25                                         text25       000000
__Htext26                                         text26       000000
__Htext27                                         text27       000000
__Htext28                                         text28       000000
__Htext29                                         text29       000000
__Htext3                                          text3        000000
__Htext30                                         text30       000000
__Htext31                                         text31       000000
__Htext32                                         text32       000000
__Htext34                                         text34       000000
__Htext35                                         text35       000000
__Htext36                                         text36       000000
__Htext37                                         text37       000000
__Htext38                                         text38       000000
__Htext39                                         text39       000000
__Htext4                                          text4        000000
__Htext40                                         text40       000000
__Htext41                                         text41       000000
__Htext42                                         text42       000000
__Htext43                                         text43       000000
__Htext44                                         text44       000000
__Htext45                                         text45       000000
__Htext46                                         text46       000000
__Htext47                                         text47       000000
__Htext48                                         text48       000000
__Htext49                                         text49       000000
__Htext5                                          text5        000000
__Htext50                                         text50       000000
__Htext51                                         text51       000000
__Htext52                                         text52       000000
__Htext53                                         text53       000000
__Htext54                                         text54       000000
__Htext55                                         text55       000000
__Htext56                                         text56       000000
__Htext57                                         text57       000000
__Htext58                                         text58       000000
__Htext59                                         text59       000000
__Htext6                                          text6        000000
__Htext60                                         text60       000000
__Htext61                                         text61       000000
__Htext62                                         text62       000000
__Htext63                                         text63       000000
__Htext64                                         text64       000000
__Htext65                                         text65       000000
__Htext66                                         text66       000000
__Htext67                                         text67       000000
__Htext68                                         text68       000000
__Htext69                                         text69       000000
__Htext7                                          text7        000000
__Htext70                                         text70       000000
__Htext71                                         text71       000000
__Htext72                                         text72       000000
__Htext8                                          text8        000000
__Htext9                                          text9        000000
__LRAM                                            (abs)        000001
__Labs1                                           abs1         000000
__Lbank0                                          bank0        000000
__Lbank1                                          bank1        000000
__Lbank10                                         bank10       000000
__Lbank11                                         bank11       000000
__Lbank12                                         bank12       000000
__Lbank13                                         bank13       000000
__Lbank14                                         bank14       000000
__Lbank15                                         bank15       000000
__Lbank2                                          bank2        000000
__Lbank3                                          bank3        000000
__Lbank4                                          bank4        000000
__Lbank5                                          bank5        000000
__Lbank6                                          bank6        000000
__Lbank7                                          bank7        000000
__Lbank8                                          bank8        000000
__Lbank9                                          bank9        000000
__Lbigbss                                         bigbss       000000
__Lbigdata                                        bigdata      000000
__Lbigram                                         bigram       000000
__Lbigsfr                                         bigsfr       000000
__Lbss                                            bss          000000
__LbssBANK0                                       bssBANK0     000000
__LbssCOMRAM                                      bssCOMRAM    000000
__Lcinit                                          cinit        000000
__Lclrtext                                        clrtext      000000
__Lcomram                                         comram       000000
__Lconfig                                         config       000000
__Lconst                                          const        000000
__LcstackBANK0                                    cstackBANK0  000000
__LcstackCOMRAM                                   cstackCOMRAM 000000
__Ldata                                           data         000000
__Leeprom_data                                    eeprom_data  000000
__Lfarbss                                         farbss       000000
__Lfardata                                        fardata      000000
__Lheap                                           heap         000000
__Libigdata                                       ibigdata     000000
__Lidata                                          idata        000000
__Lidloc                                          idloc        000000
__Lifardata                                       ifardata     000000
__Linit                                           init         0000C4
__Lintcode                                        intcode      000008
__Lintcode_body                                   intcode_body 000000
__Lintcodelo                                      intcodelo    0000C4
__Lintentry                                       intentry     000000
__Lintret                                         intret       000000
__Lintsave_regs                                   intsave_regs 000000
__Lirdata                                         irdata       000000
__Lmediumconst                                    mediumconst  000000
__LnvBANK0                                        nvBANK0      000000
__LnvCOMRAM                                       nvCOMRAM     000000
__LnvFARRAM                                       nvFARRAM     000000
__Lnvbit                                          nvbit        000000
__Lnvrram                                         nvrram       000000
__Lparam                                          rparam       000000
__Lpowerup                                        powerup      0000C4
__Lram                                            ram          000000
__Lramtop                                         ramtop       001000
__Lrbit                                           rbit         000000
__Lrbss                                           rbss         000000
__Lrdata                                          rdata        000000
__Lreset_vec                                      reset_vec    000000
__Lrparam                                         rparam       000000
__Lsfr                                            sfr          000000
__Lsmallconst                                     smallconst   001000
__Lspace_0                                        (abs)        000000
__Lspace_1                                        (abs)        000000
__Lspace_2                                        (abs)        000000
__Lspace_4                                        (abs)        000000
__Lstack                                          stack        000000
__Lstruct                                         struct       000000
__Ltemp                                           temp         00004D
__Ltext                                           text         000000
__Ltext0                                          text0        000000
__Ltext1                                          text1        000000
__Ltext10                                         text10       000000
__Ltext11                                         text11       000000
__Ltext12                                         text12       000000
__Ltext13                                         text13       000000
__Ltext14                                         text14       000000
__Ltext15                                         text15       000000
__Ltext16                                         text16       000000
__Ltext17                                         text17       000000
__Ltext18                                         text18       000000
__Ltext19                                         text19       000000
__Ltext2                                          text2        000000
__Ltext20                                         text20       000000
__Ltext21                                         text21       000000
__Ltext22                                         text22       000000
__Ltext23                                         text23       000000
__Ltext24                                         text24       000000
__Ltext25                                         text25       000000
__Ltext26                                         text26       000000
__Ltext27                                         text27       000000
__Ltext28                                         text28       000000
__Ltext29                                         text29       000000
__Ltext3                                          text3        000000
__Ltext30                                         text30       000000
__Ltext31                                         text31       000000
__Ltext32                                         text32       000000
__Ltext34                                         text34       000000
__Ltext35                                         text35       000000
__Ltext36                                         text36       000000
__Ltext37                                         text37       000000
__Ltext38                                         text38       000000
__Ltext39                                         text39       000000
__Ltext4                                          text4        000000
__Ltext40                                         text40       000000
__Ltext41                                         text41       000000
__Ltext42                                         text42       000000
__Ltext43                                         text43       000000
__Ltext44                                         text44       000000
__Ltext45                                         text45       000000
__Ltext46                                         text46       000000
__Ltext47                                         text47       000000
__Ltext48                                         text48       000000
__Ltext49                                         text49       000000
__Ltext5                                          text5        000000
__Ltext50                                         text50       000000
__Ltext51                                         text51       000000
__Ltext52                                         text52       000000
__Ltext53                                         text53       000000
__Ltext54                                         text54       000000
__Ltext55                                         text55       000000
__Ltext56                                         text56       000000
__Ltext57                                         text57       000000
__Ltext58                                         text58       000000
__Ltext59                                         text59       000000
__Ltext6                                          text6        000000
__Ltext60                                         text60       000000
__Ltext61                                         text61       000000
__Ltext62                                         text62       000000
__Ltext63                                         text63       000000
__Ltext64                                         text64       000000
__Ltext65                                         text65       000000
__Ltext66                                         text66       000000
__Ltext67                                         text67       000000
__Ltext68                                         text68       000000
__Ltext69                                         text69       000000
__Ltext7                                          text7        000000
__Ltext70                                         text70       000000
__Ltext71                                         text71       000000
__Ltext72                                         text72       000000
__Ltext8                                          text8        000000
__Ltext9                                          text9        000000
__S0                                              (abs)        001B80
__S1                                              (abs)        00008C
__S4                                              (abs)        000000
__S5                                              (abs)        000000
___heap_hi                                        (abs)        000000
___heap_lo                                        (abs)        000000
___inthi_sp                                       stack        000000
___intlo_sp                                       stack        000000
___param_bank                                     (abs)        000000
___rparam_used                                    (abs)        000001
___sp                                             stack        000000
__accesstop                                       (abs)        000060
__activetblptr                                    (abs)        000003
__end_of_EEPROM_24C02C_Read_Byte                  text16       0019E8
__end_of_EEPROM_24C02C_Write_Byte                 text14       001A5C
__end_of_EUSART_Initialize                        text6        00179E
__end_of_EUSART_SetErrorHandler                   text9        001AC6
__end_of_EUSART_SetFramingErrorHandler            text8        001ABC
__end_of_EUSART_SetOverrunErrorHandler            text7        001AB2
__end_of_EUSART_Write                             text13       0019D0
__end_of_I2C_CallbackReturnReset                  text60       001B74
__end_of_I2C_CallbackReturnStop                   text61       001B78
__end_of_I2C_Close                                text29       001880
__end_of_I2C_DO_ADDRESS_NACK                      text37       0016FC
__end_of_I2C_DO_IDLE                              text51       001AEE
__end_of_I2C_DO_RCEN                              text46       001AE4
__end_of_I2C_DO_RESET                             text38       001ADA
__end_of_I2C_DO_RX                                text47       001242
__end_of_I2C_DO_RX_ACK                            text41       001B0E
__end_of_I2C_DO_RX_NACK_RESTART                   text39       001AFE
__end_of_I2C_DO_RX_NACK_STOP                      text40       001B06
__end_of_I2C_DO_SEND_ADR_READ                     text50       001A92
__end_of_I2C_DO_SEND_ADR_WRITE                    text49       001A9E
__end_of_I2C_DO_SEND_RESTART                      text43       001B1E
__end_of_I2C_DO_SEND_RESTART_READ                 text45       001B2E
__end_of_I2C_DO_SEND_RESTART_WRITE                text44       001B26
__end_of_I2C_DO_SEND_STOP                         text42       001B16
__end_of_I2C_DO_TX                                text48       0010F8
__end_of_I2C_DO_TX_EMPTY                          text52       00145E
__end_of_I2C_Initialize                           text5        001A70
__end_of_I2C_MasterClearIrq                       text32       001B60
__end_of_I2C_MasterClose                          text31       001B5C
__end_of_I2C_MasterDisableIrq                     text30       001B58
__end_of_I2C_MasterEnableIrq                      text25       001B50
__end_of_I2C_MasterEnableRestart                  text71       001B80
__end_of_I2C_MasterFsm                            text35       001698
__end_of_I2C_MasterGetRxData                      text57       001B6C
__end_of_I2C_MasterIsNack                         text54       001A84
__end_of_I2C_MasterIsr                            text34       001B3C
__end_of_I2C_MasterOpen                           text24       001996
__end_of_I2C_MasterOperation                      text27       0017E2
__end_of_I2C_MasterSendAck                        text56       001B42
__end_of_I2C_MasterSendNack                       text58       001B48
__end_of_I2C_MasterSendTxData                     text55       001B36
__end_of_I2C_MasterSetIrq                         text53       001B68
__end_of_I2C_MasterStart                          text28       001B54
__end_of_I2C_MasterStartRx                        text59       001B70
__end_of_I2C_MasterStop                           text70       001B7C
__end_of_I2C_MasterWrite                          text26       001AF6
__end_of_I2C_Open                                 text22       0012E4
__end_of_I2C_Read1ByteRegister                    text17       001366
__end_of_I2C_SetAddressNackCallback               text20       001A18
__end_of_I2C_SetBuffer                            text19       001974
__end_of_I2C_SetCallback                          text21       0013E4
__end_of_I2C_SetDataCompleteCallback              text18       001A00
__end_of_I2C_SetInterruptHandler                  text23       001AD0
__end_of_I2C_Write1ByteRegister                   text15       0015C8
__end_of_INTERRUPT_Initialize                     text4        001B4C
__end_of_INTERRUPT_InterruptManager               intcode      0000C4
__end_of_OSCILLATOR_Initialize                    text3        001AA8
__end_of_PIN_MANAGER_Initialize                   text2        001852
__end_of_Print_RealTimeClockDS1307                text11       00119E
__end_of_RealTimeClockDS1307_Get_Date_Time        text10       001630
__end_of_SYSTEM_Initialize                        text1        001A46
__end_of_UART_LoggingDebugData_Send_String        text12       00175A
__end_of__initialization                          cinit        001948
__end_of_i2c_fsmStateTable                        smallconst   001021
__end_of_main                                     text0        001550
__end_of_rd1RegCompleteHandler                    text65       001904
__end_of_rd2RegCompleteHandler                    text64       0018D8
__end_of_rdBlkRegCompleteHandler                  text62       001822
__end_of_wr1RegCompleteHandler                    text63       0018AC
__end_of_wr2RegCompleteHandler                    text66       001930
__end_ofi2_I2C_MasterClearIrq                     text36       001B64
__end_ofi2_I2C_SetBuffer                          text69       0019B8
__end_ofi2_I2C_SetCallback                        text68       0014D8
__end_ofi2_I2C_SetDataCompleteCallback            text67       001A30
__initialization                                  cinit        001930
__mediumconst                                     mediumconst  000000
__pbssBANK0                                       bssBANK0     000060
__pbssCOMRAM                                      bssCOMRAM    000001
__pcinit                                          cinit        001930
__pcstackBANK0                                    cstackBANK0  000078
__pcstackCOMRAM                                   cstackCOMRAM 000030
__pintcode                                        intcode      000008
__pnvBANK0                                        nvBANK0      00008A
__pnvCOMRAM                                       nvCOMRAM     000049
__psmallconst                                     smallconst   001000
__ptext0                                          text0        0014D8
__ptext1                                          text1        001A30
__ptext10                                         text10       0015C8
__ptext11                                         text11       0010F8
__ptext12                                         text12       0016FC
__ptext13                                         text13       0019B8
__ptext14                                         text14       001A46
__ptext15                                         text15       001550
__ptext16                                         text16       0019D0
__ptext17                                         text17       0012E4
__ptext18                                         text18       0019E8
__ptext19                                         text19       001952
__ptext2                                          text2        001822
__ptext20                                         text20       001A00
__ptext21                                         text21       001366
__ptext22                                         text22       001242
__ptext23                                         text23       001AC6
__ptext24                                         text24       001974
__ptext25                                         text25       001B4C
__ptext26                                         text26       001AEE
__ptext27                                         text27       00179E
__ptext28                                         text28       001B50
__ptext29                                         text29       001852
__ptext3                                          text3        001A9E
__ptext30                                         text30       001B54
__ptext31                                         text31       001B58
__ptext32                                         text32       001B5C
__ptext34                                         text34       001B36
__ptext35                                         text35       001630
__ptext36                                         text36       001B60
__ptext37                                         text37       001698
__ptext38                                         text38       001AD0
__ptext39                                         text39       001AF6
__ptext4                                          text4        001B48
__ptext40                                         text40       001AFE
__ptext41                                         text41       001B06
__ptext42                                         text42       001B0E
__ptext43                                         text43       001B16
__ptext44                                         text44       001B1E
__ptext45                                         text45       001B26
__ptext46                                         text46       001ADA
__ptext47                                         text47       00119E
__ptext48                                         text48       00103A
__ptext49                                         text49       001A92
__ptext5                                          text5        001A5C
__ptext50                                         text50       001A84
__ptext51                                         text51       001AE4
__ptext52                                         text52       0013E4
__ptext53                                         text53       001B64
__ptext54                                         text54       001A70
__ptext55                                         text55       001B2E
__ptext56                                         text56       001B3C
__ptext57                                         text57       001B68
__ptext58                                         text58       001B42
__ptext59                                         text59       001B6C
__ptext6                                          text6        00175A
__ptext60                                         text60       001B70
__ptext61                                         text61       001B74
__ptext62                                         text62       0017E2
__ptext63                                         text63       001880
__ptext64                                         text64       0018AC
__ptext65                                         text65       0018D8
__ptext66                                         text66       001904
__ptext67                                         text67       001A18
__ptext68                                         text68       00145E
__ptext69                                         text69       001996
__ptext7                                          text7        001AA8
__ptext70                                         text70       001B78
__ptext71                                         text71       001B7C
__ptext72                                         text72       000000
__ptext8                                          text8        001AB2
__ptext9                                          text9        001ABC
__ramtop                                          ramtop       001000
__smallconst                                      smallconst   001000
_eusartRxLastError                                bssCOMRAM    00002F
_i2c_fsmStateTable                                smallconst   001001
_main                                             text0        0014D8
_rd1RegCompleteHandler                            text65       0018D8
_rd2RegCompleteHandler                            text64       0018AC
_rdBlkRegCompleteHandler                          text62       0017E2
_wr1RegCompleteHandler                            text63       001880
_wr2RegCompleteHandler                            text66       001904
btemp                                             temp         00004D
end_of_initialization                             cinit        001948
i2I2C_SetBuffer@buffer                            cstackCOMRAM 000030
i2I2C_SetBuffer@bufferSize                        cstackCOMRAM 000032
i2I2C_SetCallback@cb                              cstackCOMRAM 000030
i2I2C_SetCallback@idx                             cstackCOMRAM 000034
i2I2C_SetCallback@ptr                             cstackCOMRAM 000032
i2I2C_SetDataCompleteCallback@cb                  cstackCOMRAM 000035
i2I2C_SetDataCompleteCallback@ptr                 cstackCOMRAM 000037
i2_I2C_MasterClearIrq                             text36       001B60
i2_I2C_SetBuffer                                  text69       001996
i2_I2C_SetCallback                                text68       00145E
i2_I2C_SetDataCompleteCallback                    text67       001A18
int$flags                                         temp         00004D
intlevel0                                         text         000000
intlevel1                                         text         000000
intlevel2                                         text         000000
intlevel3                                         text         000000
isa$std                                           (abs)        000001
isa$xinst                                         (abs)        000000
rd1RegCompleteHandler@ptr                         cstackCOMRAM 000039
rd2RegCompleteHandler@ptr                         cstackCOMRAM 000039
rdBlkRegCompleteHandler@ptr                       cstackCOMRAM 000039
stackhi                                           (abs)        000000
stacklo                                           (abs)        000000
start                                             init         0000C4
start_initialization                              cinit        001930
ttemp5                                            temp         00004E
ttemp6                                            temp         000051
ttemp7                                            temp         000055
wr1RegCompleteHandler@ptr                         cstackCOMRAM 000039
wr2RegCompleteHandler@ptr                         cstackCOMRAM 000039
wtemp8                                            temp         00004E


MODULE INFORMATION

Module		Function		Class		Link	Load	Size
Modules/RealTimeClockDS1307/RealTimeClockDS1307.c
		_Print_RealTimeClockDS1307		CODE           	10F8	0000	166
		_RealTimeClockDS1307_Get_Date_Time		CODE           	15C8	0000	104

Modules/RealTimeClockDS1307/RealTimeClockDS1307.c estimated size: 270

mcc_generated_files/interrupt_manager.c
		_INTERRUPT_Initialize		CODE           	1B48	0000	4
		_INTERRUPT_InterruptManager		CODE           	0008	0000	188

mcc_generated_files/interrupt_manager.c estimated size: 192

mcc_generated_files/examples/i2c_master_example.c
		_wr1RegCompleteHandler		CODE           	1880	0000	44
		_wr2RegCompleteHandler		CODE           	1904	0000	44
		_I2C_Write1ByteRegister		CODE           	1550	0000	120
		_I2C_Read1ByteRegister		CODE           	12E4	0000	130
		_rdBlkRegCompleteHandler		CODE           	17E2	0000	64
		_rd1RegCompleteHandler		CODE           	18D8	0000	44
		_rd2RegCompleteHandler		CODE           	18AC	0000	44

mcc_generated_files/examples/i2c_master_example.c estimated size: 490

mcc_generated_files/pin_manager.c
		_PIN_MANAGER_Initialize		CODE           	1822	0000	48

mcc_generated_files/pin_manager.c estimated size: 48

shared
		i2_I2C_SetBuffer		CODE           	1996	0000	34
		__initialization		CODE           	1930	0000	24
		i2_I2C_SetCallback		CODE           	145E	0000	122
		i2_I2C_SetDataCompleteCallback		CODE           	1A18	0000	24
		i2_I2C_MasterClearIrq		CODE           	1B60	0000	4
		_i2c_fsmStateTable		SMALLCONST     	1001	0000	32

shared estimated size: 240

mcc_generated_files/mcc.c
		_OSCILLATOR_Initialize		CODE           	1A9E	0000	10
		_SYSTEM_Initialize		CODE           	1A30	0000	22

mcc_generated_files/mcc.c estimated size: 32

mcc_generated_files/i2c_master.c
		_I2C_Close     		CODE           	1852	0000	46
		_I2C_MasterStartRx		CODE           	1B6C	0000	4
		_I2C_DO_SEND_ADR_WRITE		CODE           	1A92	0000	12
		_I2C_DO_SEND_STOP		CODE           	1B0E	0000	8
		_I2C_MasterSendNack		CODE           	1B42	0000	6
		_I2C_MasterDisableIrq		CODE           	1B54	0000	4
		_I2C_CallbackReturnStop		CODE           	1B74	0000	4
		_I2C_MasterOperation		CODE           	179E	0000	68
		_I2C_DO_SEND_ADR_READ		CODE           	1A84	0000	14
		_I2C_DO_RX_NACK_STOP		CODE           	1AFE	0000	8
		_I2C_DO_SEND_RESTART		CODE           	1B16	0000	8
		_I2C_DO_RX     		CODE           	119E	0000	164
		_I2C_DO_TX     		CODE           	103A	0000	190
		_I2C_DO_IDLE   		CODE           	1AE4	0000	10
		_I2C_DO_RCEN   		CODE           	1ADA	0000	10
		_I2C_DO_RESET  		CODE           	1AD0	0000	10
		_I2C_MasterClose		CODE           	1B58	0000	4
		_I2C_MasterWrite		CODE           	1AEE	0000	8
		_I2C_DO_RX_ACK 		CODE           	1B06	0000	8
		_I2C_MasterStart		CODE           	1B50	0000	4
		_I2C_MasterClearIrq		CODE           	1B5C	0000	4
		_I2C_MasterGetRxData		CODE           	1B68	0000	4
		_I2C_SetCallback		CODE           	1366	0000	126
		_I2C_DO_ADDRESS_NACK		CODE           	1698	0000	100
		_I2C_MasterEnableRestart		CODE           	1B7C	0000	4
		_I2C_CallbackReturnReset		CODE           	1B70	0000	4
		_I2C_Open      		CODE           	1242	0000	162
		_I2C_SetAddressNackCallback		CODE           	1A00	0000	24
		_I2C_DO_TX_EMPTY		CODE           	13E4	0000	122
		_I2C_DO_SEND_RESTART_WRITE		CODE           	1B1E	0000	8
		_I2C_MasterIsNack		CODE           	1A70	0000	20
		_I2C_SetDataCompleteCallback		CODE           	19E8	0000	24
		_I2C_DO_RX_NACK_RESTART		CODE           	1AF6	0000	8
		_I2C_MasterSendAck		CODE           	1B3C	0000	6
		_I2C_MasterFsm 		CODE           	1630	0000	104
		_I2C_MasterIsr 		CODE           	1B36	0000	6
		_I2C_MasterSetIrq		CODE           	1B64	0000	4
		_I2C_DO_SEND_RESTART_READ		CODE           	1B26	0000	8
		_I2C_MasterEnableIrq		CODE           	1B4C	0000	4
		_I2C_Initialize		CODE           	1A5C	0000	20
		_I2C_SetBuffer 		CODE           	1952	0000	34
		_I2C_SetInterruptHandler		CODE           	1AC6	0000	10
		_I2C_MasterOpen		CODE           	1974	0000	34
		_I2C_MasterSendTxData		CODE           	1B2E	0000	8
		_I2C_MasterStop		CODE           	1B78	0000	4

mcc_generated_files/i2c_master.c estimated size: 1442

mcc_generated_files/eusart.c
		_EUSART_Write  		CODE           	19B8	0000	24
		_EUSART_Initialize		CODE           	175A	0000	68
		_EUSART_SetFramingErrorHandler		CODE           	1AB2	0000	10
		_EUSART_SetErrorHandler		CODE           	1ABC	0000	10
		_EUSART_SetOverrunErrorHandler		CODE           	1AA8	0000	10

mcc_generated_files/eusart.c estimated size: 122

Modules/UART_LoggingDebugData/UART_LoggingDebugData.c
		_UART_LoggingDebugData_Send_String		CODE           	16FC	0000	94

Modules/UART_LoggingDebugData/UART_LoggingDebugData.c estimated size: 94

main.c
		_main          		CODE           	14D8	0000	120

main.c estimated size: 120

Modules/EEPROM_24C02C/EEPROM_24C02C.c
		_EEPROM_24C02C_Write_Byte		CODE           	1A46	0000	22
		_EEPROM_24C02C_Read_Byte		CODE           	19D0	0000	24

Modules/EEPROM_24C02C/EEPROM_24C02C.c estimated size: 46

